================================================================================
evaluate · OptimalPlacer  (submissions/vmallela_v2/placer.py)
================================================================================

  ibm08... #[INFO] Reading from external/MacroPlacement/Testcases/ICCAD04/ibm08/netlist.pb.txt
[INFO] Retrieving Meta information from .plc comments
#[PLACEMENT GRID] Col: 38, Row: 34
#[ROUTES PER MICRON] Hor: 65.96, Ver: 106.96
#[CONGESTION SMOOTH RANGE] Smooth Range: 2
#[OVERLAP THRESHOLD] Threshold: 0.0040
#[INFO] Reading from external/MacroPlacement/Testcases/ICCAD04/ibm08/netlist.pb.txt
[INFO] Retrieving Meta information from .plc comments
#[PLACEMENT GRID] Col: 38, Row: 34
#[ROUTES PER MICRON] Hor: 65.96, Ver: 106.96
#[CONGESTION SMOOTH RANGE] Smooth Range: 2
#[OVERLAP THRESHOLD] Threshold: 0.0040
#[INFO] Reading from external/MacroPlacement/Testcases/ICCAD04/ibm08/netlist.pb.txt
[INFO] Retrieving Meta information from .plc comments
#[PLACEMENT GRID] Col: 38, Row: 34
#[ROUTES PER MICRON] Hor: 65.96, Ver: 106.96
#[CONGESTION SMOOTH RANGE] Smooth Range: 2
#[OVERLAP THRESHOLD] Threshold: 0.0040
  [legalize] 602.3s cost=1.464095
#[INFO] Reading from external/MacroPlacement/Testcases/ICCAD04/ibm08/netlist.pb.txt
[INFO] Retrieving Meta information from .plc comments
#[PLACEMENT GRID] Col: 38, Row: 34
#[ROUTES PER MICRON] Hor: 65.96, Ver: 106.96
#[CONGESTION SMOOTH RANGE] Smooth Range: 2
#[OVERLAP THRESHOLD] Threshold: 0.0040
  [cd1] cost=1.442565
  [per_net] cost=1.202346
  [hard_lns] cost=1.185547
  [cycle_1] t=149.6 cost=1.090714
  [cycle_2] t=60.0 cost=1.081305
  [cycle_3] t=60.0 cost=1.076542
  [cycle_4] t=60.0 cost=1.072894
  [cycle_5] t=60.0 cost=1.070102
  [cycle_6] t=60.0 cost=1.069267
  [cycle_7] t=60.0 cost=1.068666
  [cycle_8] t=60.0 cost=1.068160
  [cycle_9] t=60.0 cost=1.067416
  [cycle_10] t=60.0 cost=1.067005
  [cycle_11] t=60.0 cost=1.066596
  [cycle_12] t=60.0 cost=1.066007
  [cycle_13] t=60.0 cost=1.065377
  [cycle_14] t=60.0 cost=1.064613
  [cycle_15] t=60.0 cost=1.064209
  [cycle_16] t=60.0 cost=1.064043
  [cycle_17] t=60.0 cost=1.063962
  [cycle_18] t=60.0 cost=1.063903
  [cycle_19] t=60.0 cost=1.063878
  [cycle_20] t=42.0 cost=1.063876
  [cycle_21] t=29.4 cost=1.063875
  [cycle_22] t=20.6 cost=1.063875
  [escape] plateau at 1.063875, budget 240s (hard-cong 120s + soft 120s)
  [escape.hard-cong] OK at 1.063523
  [escape.soft] OK at 1.061789
  [cycle_23] t=30.0 cost=1.060285
  [cycle_24] t=30.0 cost=1.059610
  [cycle_25] t=30.0 cost=1.059324
  [cycle_26] t=30.0 cost=1.059250
  [cycle_27] t=30.0 cost=1.059205
  [cycle_28] t=21.0 cost=1.059204
  [cycle_29] t=14.7 cost=1.059203
  [cycle_30] t=10.3 cost=1.059203
  [escape] plateau at 1.059203, budget 215s (hard-cong 108s + soft 108s)
  [escape.hard-cong] OK at 1.059028
  [escape.soft] OK at 1.058276
  [cycle_31] t=30.0 cost=1.056641
  [cycle_32] t=30.0 cost=1.055166
  [cycle_33] t=30.0 cost=1.055093
  [cycle_34] t=30.0 cost=1.055033
  [cycle_35] t=30.0 cost=1.055009
  [cycle_36] t=21.0 cost=1.054994
  [cycle_37] t=14.7 cost=1.054993
  [cycle_38] t=10.3 cost=1.054993
  [plateau] stop at cycle 38
  [TOTAL] 3286.6s cycles=38 final=1.054993
proxy=1.0550  (wl=0.080 den=0.575 cong=1.375)  VALID  [3287.71s]
