================================================================================
evaluate · OptimalPlacer  (submissions/vmallela_v2/placer.py)
================================================================================

  ibm06... #[INFO] Reading from external/MacroPlacement/Testcases/ICCAD04/ibm06/netlist.pb.txt
[INFO] Retrieving Meta information from .plc comments
#[PLACEMENT GRID] Col: 31, Row: 28
#[ROUTES PER MICRON] Hor: 65.96, Ver: 106.96
#[CONGESTION SMOOTH RANGE] Smooth Range: 2
#[OVERLAP THRESHOLD] Threshold: 0.0040
#[INFO] Reading from external/MacroPlacement/Testcases/ICCAD04/ibm06/netlist.pb.txt
[INFO] Retrieving Meta information from .plc comments
#[PLACEMENT GRID] Col: 31, Row: 28
#[ROUTES PER MICRON] Hor: 65.96, Ver: 106.96
#[CONGESTION SMOOTH RANGE] Smooth Range: 2
#[OVERLAP THRESHOLD] Threshold: 0.0040
#[INFO] Reading from external/MacroPlacement/Testcases/ICCAD04/ibm06/netlist.pb.txt
[INFO] Retrieving Meta information from .plc comments
#[PLACEMENT GRID] Col: 31, Row: 28
#[ROUTES PER MICRON] Hor: 65.96, Ver: 106.96
#[CONGESTION SMOOTH RANGE] Smooth Range: 2
#[OVERLAP THRESHOLD] Threshold: 0.0040
  [legalize] 606.6s cost=1.662054
#[INFO] Reading from external/MacroPlacement/Testcases/ICCAD04/ibm06/netlist.pb.txt
[INFO] Retrieving Meta information from .plc comments
#[PLACEMENT GRID] Col: 31, Row: 28
#[ROUTES PER MICRON] Hor: 65.96, Ver: 106.96
#[CONGESTION SMOOTH RANGE] Smooth Range: 2
#[OVERLAP THRESHOLD] Threshold: 0.0040
  [cd1] cost=1.627425
  [hard_lns] cost=1.339051
  [cycle_1] t=150.4 cost=1.152718
  [cycle_2] t=60.0 cost=1.136514
  [cycle_3] t=60.0 cost=1.124301
  [cycle_4] t=60.0 cost=1.116148
  [cycle_5] t=60.0 cost=1.111343
  [cycle_6] t=60.0 cost=1.107000
  [cycle_7] t=60.0 cost=1.104644
  [cycle_8] t=60.0 cost=1.102432
  [cycle_9] t=60.0 cost=1.101075
  [cycle_10] t=60.0 cost=1.099433
  [cycle_11] t=60.0 cost=1.097544
  [cycle_12] t=60.0 cost=1.096548
  [cycle_13] t=60.0 cost=1.095243
  [cycle_14] t=60.0 cost=1.094225
  [cycle_15] t=60.0 cost=1.094001
  [cycle_16] t=60.0 cost=1.093660
  [cycle_17] t=60.0 cost=1.093591
  [cycle_18] t=60.0 cost=1.093558
  [cycle_19] t=42.0 cost=1.093557
  [cycle_20] t=29.4 cost=1.093557
  [cycle_21] t=20.6 cost=1.093557
  [escape] plateau at 1.093557, budget 240s (hard-cong 120s + soft 120s)
  [escape.soft] OK at 1.084653
  [cycle_22] t=30.0 cost=1.081134
  [cycle_23] t=30.0 cost=1.079567
  [cycle_24] t=30.0 cost=1.079428
  [cycle_25] t=30.0 cost=1.079240
  [cycle_26] t=30.0 cost=1.079157
  [cycle_27] t=30.0 cost=1.078712
  [cycle_28] t=30.0 cost=1.078314
  [cycle_29] t=30.0 cost=1.078299
  [cycle_30] t=21.0 cost=1.078297
  [cycle_31] t=14.7 cost=1.078293
  [cycle_32] t=10.3 cost=1.078292
  [escape] plateau at 1.078292, budget 212s (hard-cong 106s + soft 106s)
  [escape.hard-cong] OK at 1.078169
  [escape.soft] OK at 1.076601
  [cycle_33] t=30.0 cost=1.076119
  [cycle_34] t=30.0 cost=1.075859
  [cycle_35] t=30.0 cost=1.075839
  [cycle_36] t=21.0 cost=1.075838
  [cycle_37] t=14.7 cost=1.075837
  [cycle_38] t=10.3 cost=1.075835
  [escape] plateau at 1.075835, budget 33s (hard-cong 17s + soft 17s)
  [escape.soft] OK at 1.075756
  [cycle_39] t=30.0 cost=1.075513
  [TOTAL] 3290.2s cycles=39 final=1.075513
proxy=1.0755  (wl=0.078 den=0.543 cong=1.452)  VALID  [3290.91s]
