================================================================================
evaluate · OptimalPlacer  (submissions/vmallela_v2/placer.py)
================================================================================

  ibm07... #[INFO] Reading from external/MacroPlacement/Testcases/ICCAD04/ibm07/netlist.pb.txt
[INFO] Retrieving Meta information from .plc comments
#[PLACEMENT GRID] Col: 35, Row: 32
#[ROUTES PER MICRON] Hor: 65.96, Ver: 106.96
#[CONGESTION SMOOTH RANGE] Smooth Range: 2
#[OVERLAP THRESHOLD] Threshold: 0.0040
#[INFO] Reading from external/MacroPlacement/Testcases/ICCAD04/ibm07/netlist.pb.txt
[INFO] Retrieving Meta information from .plc comments
#[PLACEMENT GRID] Col: 35, Row: 32
#[ROUTES PER MICRON] Hor: 65.96, Ver: 106.96
#[CONGESTION SMOOTH RANGE] Smooth Range: 2
#[OVERLAP THRESHOLD] Threshold: 0.0040
#[INFO] Reading from external/MacroPlacement/Testcases/ICCAD04/ibm07/netlist.pb.txt
[INFO] Retrieving Meta information from .plc comments
#[PLACEMENT GRID] Col: 35, Row: 32
#[ROUTES PER MICRON] Hor: 65.96, Ver: 106.96
#[CONGESTION SMOOTH RANGE] Smooth Range: 2
#[OVERLAP THRESHOLD] Threshold: 0.0040
  [legalize] 604.1s cost=1.476506
#[INFO] Reading from external/MacroPlacement/Testcases/ICCAD04/ibm07/netlist.pb.txt
[INFO] Retrieving Meta information from .plc comments
#[PLACEMENT GRID] Col: 35, Row: 32
#[ROUTES PER MICRON] Hor: 65.96, Ver: 106.96
#[CONGESTION SMOOTH RANGE] Smooth Range: 2
#[OVERLAP THRESHOLD] Threshold: 0.0040
  [cd1] cost=1.454286
  [hard_lns] cost=1.210626
  [cycle_1] t=149.9 cost=1.083593
  [cycle_2] t=60.0 cost=1.072875
  [cycle_3] t=60.0 cost=1.066297
  [cycle_4] t=60.0 cost=1.061942
  [cycle_5] t=60.0 cost=1.058863
  [cycle_6] t=60.0 cost=1.056547
  [cycle_7] t=60.0 cost=1.055241
  [cycle_8] t=60.0 cost=1.054620
  [cycle_9] t=60.0 cost=1.053759
  [cycle_10] t=60.0 cost=1.053190
  [cycle_11] t=60.0 cost=1.052701
  [cycle_12] t=60.0 cost=1.051857
  [cycle_13] t=60.0 cost=1.051205
  [cycle_14] t=60.0 cost=1.050741
  [cycle_15] t=60.0 cost=1.050573
  [cycle_16] t=60.0 cost=1.050472
  [cycle_17] t=60.0 cost=1.050321
  [cycle_18] t=60.0 cost=1.049986
  [cycle_19] t=60.0 cost=1.049959
  [cycle_20] t=42.0 cost=1.049942
  [cycle_21] t=29.4 cost=1.049936
  [cycle_22] t=20.6 cost=1.049936
  [escape] plateau at 1.049936, budget 240s (hard-cong 120s + soft 120s)
  [escape.hard-cong] OK at 1.049611
  [escape.soft] OK at 1.045979
  [cycle_23] t=30.0 cost=1.044987
  [cycle_24] t=30.0 cost=1.044570
  [cycle_25] t=30.0 cost=1.044420
  [cycle_26] t=30.0 cost=1.044354
  [cycle_27] t=30.0 cost=1.044301
  [cycle_28] t=30.0 cost=1.044269
  [cycle_29] t=21.0 cost=1.044248
  [cycle_30] t=14.7 cost=1.044248
  [cycle_31] t=10.3 cost=1.044248
  [escape] plateau at 1.044248, budget 206s (hard-cong 103s + soft 103s)
  [escape.hard-cong] OK at 1.044029
  [escape.soft] OK at 1.043604
  [cycle_32] t=30.0 cost=1.043295
  [cycle_33] t=30.0 cost=1.043189
  [cycle_34] t=30.0 cost=1.043165
  [cycle_35] t=21.0 cost=1.043158
  [cycle_36] t=14.7 cost=1.043158
  [cycle_37] t=10.3 cost=1.043158
  [escape] plateau at 1.043158, budget 29s (hard-cong 15s + soft 15s)
  [escape] no improvement, stop
  [TOTAL] 3262.8s cycles=37 final=1.043158
proxy=1.0432  (wl=0.080 den=0.574 cong=1.352)  VALID  [3263.81s]
