================================================================================
evaluate · OptimalPlacer  (submissions/vmallela_v2/placer.py)
================================================================================

  ibm03... #[INFO] Reading from external/MacroPlacement/Testcases/ICCAD04/ibm03/netlist.pb.txt
[INFO] Retrieving Meta information from .plc comments
#[PLACEMENT GRID] Col: 32, Row: 29
#[ROUTES PER MICRON] Hor: 65.96, Ver: 106.96
#[CONGESTION SMOOTH RANGE] Smooth Range: 2
#[OVERLAP THRESHOLD] Threshold: 0.0040
#[INFO] Reading from external/MacroPlacement/Testcases/ICCAD04/ibm03/netlist.pb.txt
[INFO] Retrieving Meta information from .plc comments
#[PLACEMENT GRID] Col: 32, Row: 29
#[ROUTES PER MICRON] Hor: 65.96, Ver: 106.96
#[CONGESTION SMOOTH RANGE] Smooth Range: 2
#[OVERLAP THRESHOLD] Threshold: 0.0040
#[INFO] Reading from external/MacroPlacement/Testcases/ICCAD04/ibm03/netlist.pb.txt
[INFO] Retrieving Meta information from .plc comments
#[PLACEMENT GRID] Col: 32, Row: 29
#[ROUTES PER MICRON] Hor: 65.96, Ver: 106.96
#[CONGESTION SMOOTH RANGE] Smooth Range: 2
#[OVERLAP THRESHOLD] Threshold: 0.0040
  [legalize] 600.0s cost=1.324405
#[INFO] Reading from external/MacroPlacement/Testcases/ICCAD04/ibm03/netlist.pb.txt
[INFO] Retrieving Meta information from .plc comments
#[PLACEMENT GRID] Col: 32, Row: 29
#[ROUTES PER MICRON] Hor: 65.96, Ver: 106.96
#[CONGESTION SMOOTH RANGE] Smooth Range: 2
#[OVERLAP THRESHOLD] Threshold: 0.0040
  [cd1] cost=1.308110
  [hard_lns] cost=1.108594
  [cycle_1] t=151.6 cost=0.966361
  [cycle_2] t=60.0 cost=0.951946
  [cycle_3] t=60.0 cost=0.946137
  [cycle_4] t=60.0 cost=0.941696
  [cycle_5] t=60.0 cost=0.938522
  [cycle_6] t=60.0 cost=0.936952
  [cycle_7] t=60.0 cost=0.935451
  [cycle_8] t=60.0 cost=0.934153
  [cycle_9] t=60.0 cost=0.933238
  [cycle_10] t=60.0 cost=0.932777
  [cycle_11] t=60.0 cost=0.932641
  [cycle_12] t=60.0 cost=0.932289
  [cycle_13] t=60.0 cost=0.932058
  [cycle_14] t=60.0 cost=0.931208
  [cycle_15] t=60.0 cost=0.930753
  [cycle_16] t=60.0 cost=0.930664
  [cycle_17] t=60.0 cost=0.930631
  [cycle_18] t=42.0 cost=0.930616
  [cycle_19] t=29.4 cost=0.930614
  [cycle_20] t=20.6 cost=0.930611
  [escape] plateau at 0.930611, budget 240s (hard-cong 120s + soft 120s)
  [escape.hard-cong] OK at 0.930560
  [escape.soft] OK at 0.929012
  [cycle_21] t=30.0 cost=0.927632
  [cycle_22] t=30.0 cost=0.927334
  [cycle_23] t=30.0 cost=0.927259
  [cycle_24] t=30.0 cost=0.927243
  [cycle_25] t=21.0 cost=0.927238
  [cycle_26] t=14.7 cost=0.927231
  [cycle_27] t=10.3 cost=0.927224
  [escape] plateau at 0.927224, budget 240s (hard-cong 120s + soft 120s)
  [escape.hard-cong] OK at 0.926977
  [escape.soft] OK at 0.926505
  [cycle_28] t=30.0 cost=0.925959
  [cycle_29] t=30.0 cost=0.925934
  [cycle_30] t=21.0 cost=0.925931
  [cycle_31] t=14.7 cost=0.925931
  [cycle_32] t=10.3 cost=0.925931
  [escape] plateau at 0.925931, budget 142s (hard-cong 71s + soft 71s)
  [escape.hard-cong] OK at 0.925828
  [cycle_33] t=30.0 cost=0.925615
  [cycle_34] t=30.0 cost=0.925490
  [cycle_35] t=30.0 cost=0.925426
  [cycle_36] t=30.0 cost=0.925411
  [TOTAL] 3291.6s cycles=37 final=0.925406
proxy=0.9254  (wl=0.094 den=0.506 cong=1.157)  VALID  [3292.22s]
