================================================================================
evaluate · OptimalPlacer  (submissions/vmallela_v2/placer.py)
================================================================================

  ibm17... #[INFO] Reading from external/MacroPlacement/Testcases/ICCAD04/ibm17/netlist.pb.txt
[INFO] Retrieving Meta information from .plc comments
#[PLACEMENT GRID] Col: 51, Row: 44
#[ROUTES PER MICRON] Hor: 65.96, Ver: 106.96
#[CONGESTION SMOOTH RANGE] Smooth Range: 2
#[OVERLAP THRESHOLD] Threshold: 0.0040
#[INFO] Reading from external/MacroPlacement/Testcases/ICCAD04/ibm17/netlist.pb.txt
[INFO] Retrieving Meta information from .plc comments
#[PLACEMENT GRID] Col: 51, Row: 44
#[ROUTES PER MICRON] Hor: 65.96, Ver: 106.96
#[CONGESTION SMOOTH RANGE] Smooth Range: 2
#[OVERLAP THRESHOLD] Threshold: 0.0040
#[INFO] Reading from external/MacroPlacement/Testcases/ICCAD04/ibm17/netlist.pb.txt
[INFO] Retrieving Meta information from .plc comments
#[PLACEMENT GRID] Col: 51, Row: 44
#[ROUTES PER MICRON] Hor: 65.96, Ver: 106.96
#[CONGESTION SMOOTH RANGE] Smooth Range: 2
#[OVERLAP THRESHOLD] Threshold: 0.0040
  [legalize] 652.3s cost=1.740092
#[INFO] Reading from external/MacroPlacement/Testcases/ICCAD04/ibm17/netlist.pb.txt
[INFO] Retrieving Meta information from .plc comments
#[PLACEMENT GRID] Col: 51, Row: 44
#[ROUTES PER MICRON] Hor: 65.96, Ver: 106.96
#[CONGESTION SMOOTH RANGE] Smooth Range: 2
#[OVERLAP THRESHOLD] Threshold: 0.0040
  [cd1] cost=1.725515
  [per_net] cost=1.531794
  [hard_lns] cost=1.522965
  [cycle_1] t=144.7 cost=1.368121
  [cycle_2] t=60.0 cost=1.347647
  [cycle_3] t=60.0 cost=1.337689
  [cycle_4] t=60.0 cost=1.331369
  [cycle_5] t=60.0 cost=1.326897
  [cycle_6] t=60.0 cost=1.323193
  [cycle_7] t=60.0 cost=1.320717
  [cycle_8] t=60.0 cost=1.318159
  [cycle_9] t=60.0 cost=1.316923
  [cycle_10] t=60.0 cost=1.316032
  [cycle_11] t=60.0 cost=1.315254
  [cycle_12] t=60.0 cost=1.314396
  [cycle_13] t=60.0 cost=1.313855
  [cycle_14] t=60.0 cost=1.313469
  [cycle_15] t=60.0 cost=1.313076
  [cycle_16] t=60.0 cost=1.312980
  [cycle_17] t=60.0 cost=1.312888
  [cycle_18] t=60.0 cost=1.312850
  [cycle_19] t=42.0 cost=1.312798
  [cycle_20] t=42.0 cost=1.312694
  [cycle_21] t=42.0 cost=1.312667
  [cycle_22] t=29.4 cost=1.312662
  [cycle_23] t=20.6 cost=1.312662
  [cycle_24] t=14.4 cost=1.312662
  [escape] plateau at 1.312662, budget 240s (hard-cong 120s + soft 120s)
  [escape.hard-cong] OK at 1.312140
  [escape.soft] OK at 1.307335
  [cycle_25] t=30.0 cost=1.305291
  [cycle_26] t=30.0 cost=1.304584
  [cycle_27] t=30.0 cost=1.304146
  [cycle_28] t=30.0 cost=1.303795
  [cycle_29] t=30.0 cost=1.303507
  [cycle_30] t=30.0 cost=1.303196
  [cycle_31] t=30.0 cost=1.303153
  [cycle_32] t=21.0 cost=1.303151
  [cycle_33] t=14.7 cost=1.303138
  [cycle_34] t=10.3 cost=1.303124
  [escape] plateau at 1.303124, budget 90s (hard-cong 45s + soft 45s)
  [escape.hard-cong] OK at 1.302697
  [escape.soft] OK at 1.302284
  [cycle_35] t=30.0 cost=1.301834
  [cycle_36] t=30.0 cost=1.301520
  [TOTAL] 3297.8s cycles=37 final=1.301187
proxy=1.3012  (wl=0.067 den=0.611 cong=1.858)  VALID  [3300.23s]
