================================================================================
evaluate · OptimalPlacer  (submissions/vmallela_v2/placer.py)
================================================================================

  ibm13... #[INFO] Reading from external/MacroPlacement/Testcases/ICCAD04/ibm13/netlist.pb.txt
[INFO] Retrieving Meta information from .plc comments
#[PLACEMENT GRID] Col: 43, Row: 43
#[ROUTES PER MICRON] Hor: 65.96, Ver: 106.96
#[CONGESTION SMOOTH RANGE] Smooth Range: 2
#[OVERLAP THRESHOLD] Threshold: 0.0040
#[INFO] Reading from external/MacroPlacement/Testcases/ICCAD04/ibm13/netlist.pb.txt
[INFO] Retrieving Meta information from .plc comments
#[PLACEMENT GRID] Col: 43, Row: 43
#[ROUTES PER MICRON] Hor: 65.96, Ver: 106.96
#[CONGESTION SMOOTH RANGE] Smooth Range: 2
#[OVERLAP THRESHOLD] Threshold: 0.0040
#[INFO] Reading from external/MacroPlacement/Testcases/ICCAD04/ibm13/netlist.pb.txt
[INFO] Retrieving Meta information from .plc comments
#[PLACEMENT GRID] Col: 43, Row: 43
#[ROUTES PER MICRON] Hor: 65.96, Ver: 106.96
#[CONGESTION SMOOTH RANGE] Smooth Range: 2
#[OVERLAP THRESHOLD] Threshold: 0.0040
  [legalize] 612.3s cost=1.384379
#[INFO] Reading from external/MacroPlacement/Testcases/ICCAD04/ibm13/netlist.pb.txt
[INFO] Retrieving Meta information from .plc comments
#[PLACEMENT GRID] Col: 43, Row: 43
#[ROUTES PER MICRON] Hor: 65.96, Ver: 106.96
#[CONGESTION SMOOTH RANGE] Smooth Range: 2
#[OVERLAP THRESHOLD] Threshold: 0.0040
  [cd1] cost=1.348600
  [per_net] cost=1.072993
  [hard_lns] cost=1.037587
  [cycle_1] t=148.8 cost=0.924902
  [cycle_2] t=60.0 cost=0.915303
  [cycle_3] t=60.0 cost=0.909177
  [cycle_4] t=60.0 cost=0.905327
  [cycle_5] t=60.0 cost=0.902353
  [cycle_6] t=60.0 cost=0.900512
  [cycle_7] t=60.0 cost=0.899968
  [cycle_8] t=60.0 cost=0.899593
  [cycle_9] t=60.0 cost=0.899075
  [cycle_10] t=60.0 cost=0.898865
  [cycle_11] t=60.0 cost=0.898325
  [cycle_12] t=60.0 cost=0.898102
  [cycle_13] t=60.0 cost=0.898020
  [cycle_14] t=60.0 cost=0.897318
  [cycle_15] t=60.0 cost=0.896715
  [cycle_16] t=60.0 cost=0.896676
  [cycle_17] t=42.0 cost=0.896660
  [cycle_18] t=29.4 cost=0.896660
  [cycle_19] t=20.6 cost=0.896660
  [escape] plateau at 0.896660, budget 240s (hard-cong 120s + soft 120s)
  [escape.hard-cong] OK at 0.896321
  [escape.soft] OK at 0.894529
  [cycle_20] t=30.0 cost=0.893011
  [cycle_21] t=30.0 cost=0.892361
  [cycle_22] t=30.0 cost=0.892246
  [cycle_23] t=30.0 cost=0.892220
  [cycle_24] t=21.0 cost=0.892209
  [cycle_25] t=14.7 cost=0.892208
  [cycle_26] t=10.3 cost=0.892200
  [escape] plateau at 0.892200, budget 240s (hard-cong 120s + soft 120s)
  [escape.hard-cong] OK at 0.891664
  [escape.soft] OK at 0.891447
  [cycle_27] t=30.0 cost=0.891052
  [cycle_28] t=30.0 cost=0.890919
  [cycle_29] t=30.0 cost=0.890821
  [cycle_30] t=30.0 cost=0.890701
  [cycle_31] t=30.0 cost=0.890653
  [cycle_32] t=21.0 cost=0.890610
  [cycle_33] t=14.7 cost=0.890603
  [cycle_34] t=10.3 cost=0.890595
  [escape] plateau at 0.890595, budget 95s (hard-cong 48s + soft 48s)
  [escape] no improvement, stop
  [TOTAL] 3196.2s cycles=34 final=0.890595
proxy=0.8906  (wl=0.064 den=0.559 cong=1.095)  VALID  [3197.28s]
