================================================================================
evaluate · OptimalPlacer  (submissions/vmallela_v2/placer.py)
================================================================================

  ibm06... #[INFO] Reading from external/MacroPlacement/Testcases/ICCAD04/ibm06/netlist.pb.txt
[INFO] Retrieving Meta information from .plc comments
#[PLACEMENT GRID] Col: 31, Row: 28
#[ROUTES PER MICRON] Hor: 65.96, Ver: 106.96
#[CONGESTION SMOOTH RANGE] Smooth Range: 2
#[OVERLAP THRESHOLD] Threshold: 0.0040
#[INFO] Reading from external/MacroPlacement/Testcases/ICCAD04/ibm06/netlist.pb.txt
[INFO] Retrieving Meta information from .plc comments
#[PLACEMENT GRID] Col: 31, Row: 28
#[ROUTES PER MICRON] Hor: 65.96, Ver: 106.96
#[CONGESTION SMOOTH RANGE] Smooth Range: 2
#[OVERLAP THRESHOLD] Threshold: 0.0040
#[INFO] Reading from external/MacroPlacement/Testcases/ICCAD04/ibm06/netlist.pb.txt
[INFO] Retrieving Meta information from .plc comments
#[PLACEMENT GRID] Col: 31, Row: 28
#[ROUTES PER MICRON] Hor: 65.96, Ver: 106.96
#[CONGESTION SMOOTH RANGE] Smooth Range: 2
#[OVERLAP THRESHOLD] Threshold: 0.0040
  [legalize] 605.8s cost=1.662054
#[INFO] Reading from external/MacroPlacement/Testcases/ICCAD04/ibm06/netlist.pb.txt
[INFO] Retrieving Meta information from .plc comments
#[PLACEMENT GRID] Col: 31, Row: 28
#[ROUTES PER MICRON] Hor: 65.96, Ver: 106.96
#[CONGESTION SMOOTH RANGE] Smooth Range: 2
#[OVERLAP THRESHOLD] Threshold: 0.0040
  [cd1] cost=1.627425
  [hard_lns] cost=1.339084
  [cycle_1] t=152.1 cost=1.148566
  [cycle_2] t=60.0 cost=1.124117
  [cycle_3] t=60.0 cost=1.114215
  [cycle_4] t=60.0 cost=1.109740
  [cycle_5] t=60.0 cost=1.107257
  [cycle_6] t=60.0 cost=1.102882
  [cycle_7] t=60.0 cost=1.101495
  [cycle_8] t=60.0 cost=1.100096
  [cycle_9] t=60.0 cost=1.099051
  [cycle_10] t=60.0 cost=1.098146
  [cycle_11] t=60.0 cost=1.097563
  [cycle_12] t=60.0 cost=1.096794
  [cycle_13] t=60.0 cost=1.096032
  [cycle_14] t=60.0 cost=1.095222
  [cycle_15] t=60.0 cost=1.094232
  [cycle_16] t=60.0 cost=1.093452
  [cycle_17] t=60.0 cost=1.093199
  [cycle_18] t=60.0 cost=1.092863
  [cycle_19] t=60.0 cost=1.092451
  [cycle_20] t=60.0 cost=1.092230
  [cycle_21] t=60.0 cost=1.091819
  [cycle_22] t=60.0 cost=1.091683
  [cycle_23] t=60.0 cost=1.091669
  [cycle_24] t=42.0 cost=1.091664
  [cycle_25] t=29.4 cost=1.091664
  [cycle_26] t=20.6 cost=1.091664
  [escape] plateau at 1.091664, budget 240s (hard-cong 120s + soft 120s)
  [escape.soft] OK at 1.086613
  [cycle_27] t=30.0 cost=1.083092
  [cycle_28] t=30.0 cost=1.081895
  [cycle_29] t=30.0 cost=1.081533
  [cycle_30] t=30.0 cost=1.081403
  [cycle_31] t=30.0 cost=1.081257
  [cycle_32] t=30.0 cost=1.081207
  [cycle_33] t=30.0 cost=1.081192
  [cycle_34] t=21.0 cost=1.081192
  [cycle_35] t=14.7 cost=1.081192
  [cycle_36] t=10.3 cost=1.081191
  [escape] plateau at 1.081191, budget 89s (hard-cong 45s + soft 45s)
  [escape.hard-cong] OK at 1.081064
  [escape.soft] OK at 1.079231
  [cycle_37] t=30.0 cost=1.077792
  [cycle_38] t=30.0 cost=1.077208
  [cycle_39] t=30.0 cost=1.076841
  [TOTAL] 3294.2s cycles=39 final=1.076841
proxy=1.0768  (wl=0.080 den=0.539 cong=1.455)  VALID  [3294.92s]
