================================================================================
evaluate · OptimalPlacer  (submissions/vmallela_v2/placer.py)
================================================================================

  ibm04... #[INFO] Reading from external/MacroPlacement/Testcases/ICCAD04/ibm04/netlist.pb.txt
[INFO] Retrieving Meta information from .plc comments
#[PLACEMENT GRID] Col: 31, Row: 30
#[ROUTES PER MICRON] Hor: 65.96, Ver: 106.96
#[CONGESTION SMOOTH RANGE] Smooth Range: 2
#[OVERLAP THRESHOLD] Threshold: 0.0040
#[INFO] Reading from external/MacroPlacement/Testcases/ICCAD04/ibm04/netlist.pb.txt
[INFO] Retrieving Meta information from .plc comments
#[PLACEMENT GRID] Col: 31, Row: 30
#[ROUTES PER MICRON] Hor: 65.96, Ver: 106.96
#[CONGESTION SMOOTH RANGE] Smooth Range: 2
#[OVERLAP THRESHOLD] Threshold: 0.0040
#[INFO] Reading from external/MacroPlacement/Testcases/ICCAD04/ibm04/netlist.pb.txt
[INFO] Retrieving Meta information from .plc comments
#[PLACEMENT GRID] Col: 31, Row: 30
#[ROUTES PER MICRON] Hor: 65.96, Ver: 106.96
#[CONGESTION SMOOTH RANGE] Smooth Range: 2
#[OVERLAP THRESHOLD] Threshold: 0.0040
  [legalize] 610.4s cost=1.318365
#[INFO] Reading from external/MacroPlacement/Testcases/ICCAD04/ibm04/netlist.pb.txt
[INFO] Retrieving Meta information from .plc comments
#[PLACEMENT GRID] Col: 31, Row: 30
#[ROUTES PER MICRON] Hor: 65.96, Ver: 106.96
#[CONGESTION SMOOTH RANGE] Smooth Range: 2
#[OVERLAP THRESHOLD] Threshold: 0.0040
  [cd1] cost=1.240015
  [hard_lns] cost=1.042746
  [cycle_1] t=149.9 cost=0.962717
  [cycle_2] t=60.0 cost=0.957311
  [cycle_3] t=60.0 cost=0.953446
  [cycle_4] t=60.0 cost=0.951238
  [cycle_5] t=60.0 cost=0.950052
  [cycle_6] t=60.0 cost=0.947850
  [cycle_7] t=60.0 cost=0.947126
  [cycle_8] t=60.0 cost=0.946286
  [cycle_9] t=60.0 cost=0.944747
  [cycle_10] t=60.0 cost=0.943803
  [cycle_11] t=60.0 cost=0.942838
  [cycle_12] t=60.0 cost=0.942202
  [cycle_13] t=60.0 cost=0.941962
  [cycle_14] t=60.0 cost=0.941227
  [cycle_15] t=60.0 cost=0.939741
  [cycle_16] t=60.0 cost=0.939114
  [cycle_17] t=60.0 cost=0.938587
  [cycle_18] t=60.0 cost=0.938403
  [cycle_19] t=60.0 cost=0.938287
  [cycle_20] t=60.0 cost=0.938265
  [cycle_21] t=42.0 cost=0.938257
  [cycle_22] t=29.4 cost=0.938254
  [cycle_23] t=20.6 cost=0.938252
  [escape] plateau at 0.938252, budget 240s (hard-cong 120s + soft 120s)
  [escape.hard-cong] OK at 0.937942
  [escape.soft] OK at 0.936498
  [cycle_24] t=30.0 cost=0.935760
  [cycle_25] t=30.0 cost=0.935609
  [cycle_26] t=30.0 cost=0.935587
  [cycle_27] t=21.0 cost=0.935582
  [cycle_28] t=14.7 cost=0.935581
  [cycle_29] t=10.3 cost=0.935581
  [escape] plateau at 0.935581, budget 230s (hard-cong 115s + soft 115s)
  [escape.hard-cong] OK at 0.935424
  [escape.soft] OK at 0.935345
  [cycle_30] t=30.0 cost=0.935249
  [cycle_31] t=30.0 cost=0.935123
  [cycle_32] t=30.0 cost=0.934999
  [cycle_33] t=30.0 cost=0.934687
  [cycle_34] t=30.0 cost=0.934491
  [cycle_35] t=30.0 cost=0.934472
  [cycle_36] t=21.0 cost=0.934469
  [cycle_37] t=14.7 cost=0.934469
  [TOTAL] 3290.8s cycles=38 final=0.934469
proxy=0.9345  (wl=0.079 den=0.538 cong=1.174)  VALID  [3291.54s]
