================================================================================
evaluate · OptimalPlacer  (submissions/vmallela_v2/placer.py)
================================================================================

  ibm02... #[INFO] Reading from external/MacroPlacement/Testcases/ICCAD04/ibm02/netlist.pb.txt
[INFO] Retrieving Meta information from .plc comments
#[PLACEMENT GRID] Col: 30, Row: 27
#[ROUTES PER MICRON] Hor: 65.96, Ver: 106.96
#[CONGESTION SMOOTH RANGE] Smooth Range: 2
#[OVERLAP THRESHOLD] Threshold: 0.0040
#[INFO] Reading from external/MacroPlacement/Testcases/ICCAD04/ibm02/netlist.pb.txt
[INFO] Retrieving Meta information from .plc comments
#[PLACEMENT GRID] Col: 30, Row: 27
#[ROUTES PER MICRON] Hor: 65.96, Ver: 106.96
#[CONGESTION SMOOTH RANGE] Smooth Range: 2
#[OVERLAP THRESHOLD] Threshold: 0.0040
#[INFO] Reading from external/MacroPlacement/Testcases/ICCAD04/ibm02/netlist.pb.txt
[INFO] Retrieving Meta information from .plc comments
#[PLACEMENT GRID] Col: 30, Row: 27
#[ROUTES PER MICRON] Hor: 65.96, Ver: 106.96
#[CONGESTION SMOOTH RANGE] Smooth Range: 2
#[OVERLAP THRESHOLD] Threshold: 0.0040
  [legalize] 600.8s cost=1.572162
#[INFO] Reading from external/MacroPlacement/Testcases/ICCAD04/ibm02/netlist.pb.txt
[INFO] Retrieving Meta information from .plc comments
#[PLACEMENT GRID] Col: 30, Row: 27
#[ROUTES PER MICRON] Hor: 65.96, Ver: 106.96
#[CONGESTION SMOOTH RANGE] Smooth Range: 2
#[OVERLAP THRESHOLD] Threshold: 0.0040
  [cd1] cost=1.470923
  [hard_lns] cost=1.200514
  [cycle_1] t=150.9 cost=1.027872
  [cycle_2] t=60.0 cost=1.017437
  [cycle_3] t=60.0 cost=1.010116
  [cycle_4] t=60.0 cost=1.003531
  [cycle_5] t=60.0 cost=0.999743
  [cycle_6] t=60.0 cost=0.997480
  [cycle_7] t=60.0 cost=0.996348
  [cycle_8] t=60.0 cost=0.996170
  [cycle_9] t=60.0 cost=0.995613
  [cycle_10] t=60.0 cost=0.994708
  [cycle_11] t=60.0 cost=0.994497
  [cycle_12] t=60.0 cost=0.994213
  [cycle_13] t=60.0 cost=0.994064
  [cycle_14] t=60.0 cost=0.993430
  [cycle_15] t=60.0 cost=0.993252
  [cycle_16] t=60.0 cost=0.993104
  [cycle_17] t=60.0 cost=0.993089
  [cycle_18] t=42.0 cost=0.993073
  [cycle_19] t=29.4 cost=0.993037
  [cycle_20] t=20.6 cost=0.992997
  [escape] plateau at 0.992997, budget 240s (hard-cong 120s + soft 120s)
  [escape.hard-cong] OK at 0.992372
  [escape.soft] OK at 0.988383
  [cycle_21] t=30.0 cost=0.987433
  [cycle_22] t=30.0 cost=0.986508
  [cycle_23] t=30.0 cost=0.986081
  [cycle_24] t=30.0 cost=0.985382
  [cycle_25] t=30.0 cost=0.985074
  [cycle_26] t=30.0 cost=0.984697
  [cycle_27] t=30.0 cost=0.984657
  [cycle_28] t=21.0 cost=0.984656
  [cycle_29] t=14.7 cost=0.984656
  [cycle_30] t=10.3 cost=0.984656
  [escape] plateau at 0.984656, budget 240s (hard-cong 120s + soft 120s)
  [escape.hard-cong] OK at 0.984282
  [escape.soft] OK at 0.981602
  [cycle_31] t=30.0 cost=0.980901
  [cycle_32] t=30.0 cost=0.980707
  [cycle_33] t=30.0 cost=0.980638
  [cycle_34] t=30.0 cost=0.980564
  [cycle_35] t=30.0 cost=0.980413
  [cycle_36] t=30.0 cost=0.979945
  [cycle_37] t=30.0 cost=0.979696
  [cycle_38] t=30.0 cost=0.979492
  [cycle_39] t=30.0 cost=0.979458
  [TOTAL] 3296.0s cycles=40 final=0.979442
proxy=0.9794  (wl=0.082 den=0.591 cong=1.204)  VALID  [3296.78s]
