================================================================================
evaluate · OptimalPlacer  (submissions/vmallela_v2/placer.py)
================================================================================

  ibm01... #[INFO] Reading from external/MacroPlacement/Testcases/ICCAD04/ibm01/netlist.pb.txt
[INFO] Retrieving Meta information from .plc comments
#[PLACEMENT GRID] Col: 45, Row: 41
#[ROUTES PER MICRON] Hor: 65.96, Ver: 106.96
#[CONGESTION SMOOTH RANGE] Smooth Range: 2
#[OVERLAP THRESHOLD] Threshold: 0.0040
#[INFO] Reading from external/MacroPlacement/Testcases/ICCAD04/ibm01/netlist.pb.txt
[INFO] Retrieving Meta information from .plc comments
#[PLACEMENT GRID] Col: 45, Row: 41
#[ROUTES PER MICRON] Hor: 65.96, Ver: 106.96
#[CONGESTION SMOOTH RANGE] Smooth Range: 2
#[OVERLAP THRESHOLD] Threshold: 0.0040
#[INFO] Reading from external/MacroPlacement/Testcases/ICCAD04/ibm01/netlist.pb.txt
[INFO] Retrieving Meta information from .plc comments
#[PLACEMENT GRID] Col: 45, Row: 41
#[ROUTES PER MICRON] Hor: 65.96, Ver: 106.96
#[CONGESTION SMOOTH RANGE] Smooth Range: 2
#[OVERLAP THRESHOLD] Threshold: 0.0040
  [legalize] 608.3s cost=1.051973
#[INFO] Reading from external/MacroPlacement/Testcases/ICCAD04/ibm01/netlist.pb.txt
[INFO] Retrieving Meta information from .plc comments
#[PLACEMENT GRID] Col: 45, Row: 41
#[ROUTES PER MICRON] Hor: 65.96, Ver: 106.96
#[CONGESTION SMOOTH RANGE] Smooth Range: 2
#[OVERLAP THRESHOLD] Threshold: 0.0040
  [cd1] cost=1.016606
  [hard_lns] cost=0.869201
  [cycle_1] t=150.2 cost=0.785603
  [cycle_2] t=60.0 cost=0.782361
  [cycle_3] t=60.0 cost=0.781233
  [cycle_4] t=60.0 cost=0.780448
  [cycle_5] t=60.0 cost=0.780102
  [cycle_6] t=60.0 cost=0.779822
  [cycle_7] t=60.0 cost=0.779679
  [cycle_8] t=60.0 cost=0.779572
  [cycle_9] t=60.0 cost=0.779349
  [cycle_10] t=60.0 cost=0.778522
  [cycle_11] t=60.0 cost=0.777982
  [cycle_12] t=60.0 cost=0.777185
  [cycle_13] t=60.0 cost=0.776803
  [cycle_14] t=60.0 cost=0.776551
  [cycle_15] t=60.0 cost=0.776468
  [cycle_16] t=60.0 cost=0.776391
  [cycle_17] t=60.0 cost=0.776381
  [cycle_18] t=42.0 cost=0.776381
  [cycle_19] t=29.4 cost=0.776381
  [cycle_20] t=20.6 cost=0.776381
  [escape] plateau at 0.776381, budget 240s (hard-cong 120s + soft 120s)
  [escape.hard-cong] OK at 0.776320
  [escape.soft] OK at 0.775768
  [cycle_21] t=30.0 cost=0.775699
  [cycle_22] t=30.0 cost=0.775691
  [cycle_23] t=21.0 cost=0.775690
  [cycle_24] t=14.7 cost=0.775690
  [cycle_25] t=10.3 cost=0.775690
  [escape] plateau at 0.775690, budget 240s (hard-cong 120s + soft 120s)
  [escape.soft] OK at 0.775532
  [cycle_26] t=30.0 cost=0.775450
  [cycle_27] t=30.0 cost=0.775446
  [cycle_28] t=21.0 cost=0.775446
  [cycle_29] t=14.7 cost=0.775446
  [cycle_30] t=10.3 cost=0.775446
  [escape] plateau at 0.775446, budget 174s (hard-cong 87s + soft 87s)
  [escape] no improvement, stop
  [TOTAL] 3116.7s cycles=30 final=0.775446
proxy=0.7754  (wl=0.073 den=0.536 cong=0.869)  VALID  [3117.18s]
