================================================================================
evaluate · OptimalPlacer  (submissions/vmallela_v2/placer.py)
================================================================================

  ibm17... #[INFO] Reading from external/MacroPlacement/Testcases/ICCAD04/ibm17/netlist.pb.txt
[INFO] Retrieving Meta information from .plc comments
#[PLACEMENT GRID] Col: 51, Row: 44
#[ROUTES PER MICRON] Hor: 65.96, Ver: 106.96
#[CONGESTION SMOOTH RANGE] Smooth Range: 2
#[OVERLAP THRESHOLD] Threshold: 0.0040
#[INFO] Reading from external/MacroPlacement/Testcases/ICCAD04/ibm17/netlist.pb.txt
[INFO] Retrieving Meta information from .plc comments
#[PLACEMENT GRID] Col: 51, Row: 44
#[ROUTES PER MICRON] Hor: 65.96, Ver: 106.96
#[CONGESTION SMOOTH RANGE] Smooth Range: 2
#[OVERLAP THRESHOLD] Threshold: 0.0040
#[INFO] Reading from external/MacroPlacement/Testcases/ICCAD04/ibm17/netlist.pb.txt
[INFO] Retrieving Meta information from .plc comments
#[PLACEMENT GRID] Col: 51, Row: 44
#[ROUTES PER MICRON] Hor: 65.96, Ver: 106.96
#[CONGESTION SMOOTH RANGE] Smooth Range: 2
#[OVERLAP THRESHOLD] Threshold: 0.0040
  [legalize] 623.4s cost=1.740092
#[INFO] Reading from external/MacroPlacement/Testcases/ICCAD04/ibm17/netlist.pb.txt
[INFO] Retrieving Meta information from .plc comments
#[PLACEMENT GRID] Col: 51, Row: 44
#[ROUTES PER MICRON] Hor: 65.96, Ver: 106.96
#[CONGESTION SMOOTH RANGE] Smooth Range: 2
#[OVERLAP THRESHOLD] Threshold: 0.0040
  [cd1] cost=1.725515
  [per_net] cost=1.516789
  [hard_lns] cost=1.507389
  [cycle_1] t=146.2 cost=1.355157
  [cycle_2] t=60.0 cost=1.335631
  [cycle_3] t=60.0 cost=1.324291
  [cycle_4] t=60.0 cost=1.315718
  [cycle_5] t=60.0 cost=1.309744
  [cycle_6] t=60.0 cost=1.306677
  [cycle_7] t=60.0 cost=1.303672
  [cycle_8] t=60.0 cost=1.301803
  [cycle_9] t=60.0 cost=1.300514
  [cycle_10] t=60.0 cost=1.299939
  [cycle_11] t=60.0 cost=1.299341
  [cycle_12] t=60.0 cost=1.298948
  [cycle_13] t=60.0 cost=1.298302
  [cycle_14] t=60.0 cost=1.298044
  [cycle_15] t=60.0 cost=1.297919
  [cycle_16] t=60.0 cost=1.297711
  [cycle_17] t=60.0 cost=1.297641
  [cycle_18] t=60.0 cost=1.297541
  [cycle_19] t=60.0 cost=1.297310
  [cycle_20] t=60.0 cost=1.296955
  [cycle_21] t=60.0 cost=1.296256
  [cycle_22] t=60.0 cost=1.295781
  [cycle_23] t=60.0 cost=1.295669
  [cycle_24] t=60.0 cost=1.295597
  [cycle_25] t=60.0 cost=1.295541
  [cycle_26] t=60.0 cost=1.295400
  [cycle_27] t=60.0 cost=1.295377
  [cycle_28] t=42.0 cost=1.295351
  [cycle_29] t=29.4 cost=1.295348
  [cycle_30] t=20.6 cost=1.295348
  [escape] plateau at 1.295348, budget 142s (hard-cong 71s + soft 71s)
  [escape.hard-cong] OK at 1.295100
  [escape.soft] OK at 1.292930
  [cycle_31] t=30.0 cost=1.292694
  [cycle_32] t=30.0 cost=1.292501
  [cycle_33] t=30.0 cost=1.292431
  [cycle_34] t=30.0 cost=1.292343
  [TOTAL] 3290.5s cycles=34 final=1.292343
proxy=1.2923  (wl=0.066 den=0.609 cong=1.844)  VALID  [3293.11s]
