================================================================================
evaluate · OptimalPlacer  (submissions/vmallela_v2/placer.py)
================================================================================

  ibm15... #[INFO] Reading from external/MacroPlacement/Testcases/ICCAD04/ibm15/netlist.pb.txt
[INFO] Retrieving Meta information from .plc comments
#[PLACEMENT GRID] Col: 57, Row: 38
#[ROUTES PER MICRON] Hor: 65.96, Ver: 106.96
#[CONGESTION SMOOTH RANGE] Smooth Range: 2
#[OVERLAP THRESHOLD] Threshold: 0.0040
#[INFO] Reading from external/MacroPlacement/Testcases/ICCAD04/ibm15/netlist.pb.txt
[INFO] Retrieving Meta information from .plc comments
#[PLACEMENT GRID] Col: 57, Row: 38
#[ROUTES PER MICRON] Hor: 65.96, Ver: 106.96
#[CONGESTION SMOOTH RANGE] Smooth Range: 2
#[OVERLAP THRESHOLD] Threshold: 0.0040
#[INFO] Reading from external/MacroPlacement/Testcases/ICCAD04/ibm15/netlist.pb.txt
[INFO] Retrieving Meta information from .plc comments
#[PLACEMENT GRID] Col: 57, Row: 38
#[ROUTES PER MICRON] Hor: 65.96, Ver: 106.96
#[CONGESTION SMOOTH RANGE] Smooth Range: 2
#[OVERLAP THRESHOLD] Threshold: 0.0040
  [legalize] 615.6s cost=1.602581
#[INFO] Reading from external/MacroPlacement/Testcases/ICCAD04/ibm15/netlist.pb.txt
[INFO] Retrieving Meta information from .plc comments
#[PLACEMENT GRID] Col: 57, Row: 38
#[ROUTES PER MICRON] Hor: 65.96, Ver: 106.96
#[CONGESTION SMOOTH RANGE] Smooth Range: 2
#[OVERLAP THRESHOLD] Threshold: 0.0040
  [cd1] cost=1.555879
  [per_net] cost=1.294982
  [hard_lns] cost=1.281512
  [cycle_1] t=148.6 cost=1.155331
  [cycle_2] t=60.0 cost=1.140823
  [cycle_3] t=60.0 cost=1.132942
  [cycle_4] t=60.0 cost=1.127695
  [cycle_5] t=60.0 cost=1.124770
  [cycle_6] t=60.0 cost=1.122165
  [cycle_7] t=60.0 cost=1.120607
  [cycle_8] t=60.0 cost=1.119108
  [cycle_9] t=60.0 cost=1.118085
  [cycle_10] t=60.0 cost=1.117529
  [cycle_11] t=60.0 cost=1.117014
  [cycle_12] t=60.0 cost=1.116842
  [cycle_13] t=60.0 cost=1.116685
  [cycle_14] t=60.0 cost=1.116644
  [cycle_15] t=42.0 cost=1.116610
  [cycle_16] t=29.4 cost=1.116565
  [cycle_17] t=20.6 cost=1.116565
  [escape] plateau at 1.116565, budget 240s (hard-cong 120s + soft 120s)
  [escape.hard-cong] OK at 1.116486
  [escape.soft] OK at 1.110810
  [cycle_18] t=30.0 cost=1.108442
  [cycle_19] t=30.0 cost=1.108010
  [cycle_20] t=30.0 cost=1.107674
  [cycle_21] t=30.0 cost=1.107230
  [cycle_22] t=30.0 cost=1.107181
  [cycle_23] t=21.0 cost=1.107181
  [cycle_24] t=14.7 cost=1.107172
  [cycle_25] t=10.3 cost=1.107172
  [escape] plateau at 1.107172, budget 240s (hard-cong 120s + soft 120s)
  [escape.hard-cong] OK at 1.106482
  [escape.soft] OK at 1.105782
  [cycle_26] t=30.0 cost=1.105415
  [cycle_27] t=30.0 cost=1.105187
  [cycle_28] t=30.0 cost=1.105148
  [cycle_29] t=21.0 cost=1.105065
  [cycle_30] t=21.0 cost=1.105009
  [cycle_31] t=21.0 cost=1.105004
  [cycle_32] t=14.7 cost=1.105003
  [cycle_33] t=10.3 cost=1.105003
  [cycle_34] t=8.0 cost=1.105002
  [escape] plateau at 1.105002, budget 132s (hard-cong 66s + soft 66s)
  [escape.hard-cong] OK at 1.104892
  [cycle_35] t=30.0 cost=1.104805
  [cycle_36] t=30.0 cost=1.104754
  [cycle_37] t=30.0 cost=1.104701
  [cycle_38] t=30.0 cost=1.104691
  [TOTAL] 3291.1s cycles=39 final=1.104690
proxy=1.1047  (wl=0.073 den=0.595 cong=1.469)  VALID  [3292.50s]
