================================================================================
evaluate · OptimalPlacer  (submissions/vmallela_v2/placer.py)
================================================================================

  ibm11... #[INFO] Reading from external/MacroPlacement/Testcases/ICCAD04/ibm11/netlist.pb.txt
[INFO] Retrieving Meta information from .plc comments
#[PLACEMENT GRID] Col: 39, Row: 45
#[ROUTES PER MICRON] Hor: 65.96, Ver: 106.96
#[CONGESTION SMOOTH RANGE] Smooth Range: 2
#[OVERLAP THRESHOLD] Threshold: 0.0040
#[INFO] Reading from external/MacroPlacement/Testcases/ICCAD04/ibm11/netlist.pb.txt
[INFO] Retrieving Meta information from .plc comments
#[PLACEMENT GRID] Col: 39, Row: 45
#[ROUTES PER MICRON] Hor: 65.96, Ver: 106.96
#[CONGESTION SMOOTH RANGE] Smooth Range: 2
#[OVERLAP THRESHOLD] Threshold: 0.0040
#[INFO] Reading from external/MacroPlacement/Testcases/ICCAD04/ibm11/netlist.pb.txt
[INFO] Retrieving Meta information from .plc comments
#[PLACEMENT GRID] Col: 39, Row: 45
#[ROUTES PER MICRON] Hor: 65.96, Ver: 106.96
#[CONGESTION SMOOTH RANGE] Smooth Range: 2
#[OVERLAP THRESHOLD] Threshold: 0.0040
  [legalize] 612.3s cost=1.212328
#[INFO] Reading from external/MacroPlacement/Testcases/ICCAD04/ibm11/netlist.pb.txt
[INFO] Retrieving Meta information from .plc comments
#[PLACEMENT GRID] Col: 39, Row: 45
#[ROUTES PER MICRON] Hor: 65.96, Ver: 106.96
#[CONGESTION SMOOTH RANGE] Smooth Range: 2
#[OVERLAP THRESHOLD] Threshold: 0.0040
  [cd1] cost=1.186117
  [hard_lns] cost=0.960323
  [cycle_1] t=148.9 cost=0.860505
  [cycle_2] t=60.0 cost=0.849374
  [cycle_3] t=60.0 cost=0.842913
  [cycle_4] t=60.0 cost=0.840053
  [cycle_5] t=60.0 cost=0.836502
  [cycle_6] t=60.0 cost=0.833788
  [cycle_7] t=60.0 cost=0.832361
  [cycle_8] t=60.0 cost=0.831509
  [cycle_9] t=60.0 cost=0.830936
  [cycle_10] t=60.0 cost=0.830786
  [cycle_11] t=60.0 cost=0.830393
  [cycle_12] t=60.0 cost=0.829772
  [cycle_13] t=60.0 cost=0.829233
  [cycle_14] t=60.0 cost=0.828513
  [cycle_15] t=60.0 cost=0.828255
  [cycle_16] t=60.0 cost=0.828083
  [cycle_17] t=60.0 cost=0.827980
  [cycle_18] t=60.0 cost=0.827888
  [cycle_19] t=60.0 cost=0.827885
  [cycle_20] t=42.0 cost=0.827885
  [cycle_21] t=29.4 cost=0.827885
  [cycle_22] t=20.6 cost=0.827885
  [escape] plateau at 0.827885, budget 240s (hard-cong 120s + soft 120s)
  [escape.hard-cong] OK at 0.827193
  [escape.soft] OK at 0.824594
  [cycle_23] t=30.0 cost=0.822767
  [cycle_24] t=30.0 cost=0.822155
  [cycle_25] t=30.0 cost=0.821992
  [cycle_26] t=30.0 cost=0.821970
  [cycle_27] t=21.0 cost=0.821968
  [cycle_28] t=14.7 cost=0.821965
  [cycle_29] t=10.3 cost=0.821965
  [escape] plateau at 0.821965, budget 229s (hard-cong 115s + soft 115s)
  [escape.hard-cong] OK at 0.821451
  [escape.soft] OK at 0.820910
  [cycle_30] t=30.0 cost=0.820655
  [cycle_31] t=30.0 cost=0.820521
  [cycle_32] t=30.0 cost=0.820443
  [cycle_33] t=30.0 cost=0.820255
  [cycle_34] t=30.0 cost=0.820118
  [cycle_35] t=30.0 cost=0.819917
  [cycle_36] t=30.0 cost=0.819645
  [TOTAL] 3293.4s cycles=37 final=0.819573
proxy=0.8196  (wl=0.065 den=0.527 cong=0.983)  VALID  [3294.50s]
