================================================================================
evaluate · OptimalPlacer  (submissions/vmallela_v2/placer.py)
================================================================================

  ibm10... #[INFO] Reading from external/MacroPlacement/Testcases/ICCAD04/ibm10/netlist.pb.txt
[INFO] Retrieving Meta information from .plc comments
#[PLACEMENT GRID] Col: 55, Row: 41
#[ROUTES PER MICRON] Hor: 65.96, Ver: 106.96
#[CONGESTION SMOOTH RANGE] Smooth Range: 2
#[OVERLAP THRESHOLD] Threshold: 0.0040
#[INFO] Reading from external/MacroPlacement/Testcases/ICCAD04/ibm10/netlist.pb.txt
[INFO] Retrieving Meta information from .plc comments
#[PLACEMENT GRID] Col: 55, Row: 41
#[ROUTES PER MICRON] Hor: 65.96, Ver: 106.96
#[CONGESTION SMOOTH RANGE] Smooth Range: 2
#[OVERLAP THRESHOLD] Threshold: 0.0040
#[INFO] Reading from external/MacroPlacement/Testcases/ICCAD04/ibm10/netlist.pb.txt
[INFO] Retrieving Meta information from .plc comments
#[PLACEMENT GRID] Col: 55, Row: 41
#[ROUTES PER MICRON] Hor: 65.96, Ver: 106.96
#[CONGESTION SMOOTH RANGE] Smooth Range: 2
#[OVERLAP THRESHOLD] Threshold: 0.0040
  [legalize] 609.5s cost=1.336742
#[INFO] Reading from external/MacroPlacement/Testcases/ICCAD04/ibm10/netlist.pb.txt
[INFO] Retrieving Meta information from .plc comments
#[PLACEMENT GRID] Col: 55, Row: 41
#[ROUTES PER MICRON] Hor: 65.96, Ver: 106.96
#[CONGESTION SMOOTH RANGE] Smooth Range: 2
#[OVERLAP THRESHOLD] Threshold: 0.0040
  [cd1] cost=1.231903
  [per_net] cost=1.104582
  [hard_lns] cost=1.078268
  [cycle_1] t=147.0 cost=1.004996
  [cycle_2] t=60.0 cost=0.998000
  [cycle_3] t=60.0 cost=0.994386
  [cycle_4] t=60.0 cost=0.992268
  [cycle_5] t=60.0 cost=0.990809
  [cycle_6] t=60.0 cost=0.990110
  [cycle_7] t=60.0 cost=0.989619
  [cycle_8] t=60.0 cost=0.989197
  [cycle_9] t=60.0 cost=0.988809
  [cycle_10] t=60.0 cost=0.988472
  [cycle_11] t=60.0 cost=0.988300
  [cycle_12] t=60.0 cost=0.988202
  [cycle_13] t=60.0 cost=0.988175
  [cycle_14] t=42.0 cost=0.988174
  [cycle_15] t=29.4 cost=0.988174
  [cycle_16] t=20.6 cost=0.988174
  [escape] plateau at 0.988174, budget 240s (hard-cong 120s + soft 120s)
  [escape.hard-cong] OK at 0.985501
  [escape.soft] OK at 0.980397
  [cycle_17] t=30.0 cost=0.979378
  [cycle_18] t=30.0 cost=0.978937
  [cycle_19] t=30.0 cost=0.978744
  [cycle_20] t=30.0 cost=0.978584
  [cycle_21] t=30.0 cost=0.978447
  [cycle_22] t=30.0 cost=0.978426
  [cycle_23] t=21.0 cost=0.978403
  [cycle_24] t=14.7 cost=0.978373
  [cycle_25] t=10.3 cost=0.978331
  [escape] plateau at 0.978331, budget 240s (hard-cong 120s + soft 120s)
  [escape.hard-cong] OK at 0.976706
  [escape.soft] OK at 0.975955
  [cycle_26] t=30.0 cost=0.975661
  [cycle_27] t=30.0 cost=0.975537
  [cycle_28] t=30.0 cost=0.975450
  [cycle_29] t=30.0 cost=0.975419
  [cycle_30] t=21.0 cost=0.975396
  [cycle_31] t=14.7 cost=0.975383
  [cycle_32] t=10.3 cost=0.975333
  [cycle_33] t=10.3 cost=0.975332
  [cycle_34] t=8.0 cost=0.975315
  [cycle_35] t=8.0 cost=0.975315
  [cycle_36] t=8.0 cost=0.975311
  [escape] plateau at 0.975311, budget 116s (hard-cong 58s + soft 58s)
  [escape.hard-cong] OK at 0.974827
  [escape.soft] OK at 0.974432
  [cycle_37] t=30.0 cost=0.973517
  [cycle_38] t=30.0 cost=0.973041
  [cycle_39] t=30.0 cost=0.972878
  [TOTAL] 3298.9s cycles=40 final=0.972602
proxy=0.9726  (wl=0.067 den=0.517 cong=1.295)  VALID  [3301.00s]
