================================================================================
evaluate · OptimalPlacer  (submissions/vmallela_v2/placer.py)
================================================================================

  ibm14... #[INFO] Reading from external/MacroPlacement/Testcases/ICCAD04/ibm14/netlist.pb.txt
[INFO] Retrieving Meta information from .plc comments
#[PLACEMENT GRID] Col: 49, Row: 44
#[ROUTES PER MICRON] Hor: 65.96, Ver: 106.96
#[CONGESTION SMOOTH RANGE] Smooth Range: 2
#[OVERLAP THRESHOLD] Threshold: 0.0040
#[INFO] Reading from external/MacroPlacement/Testcases/ICCAD04/ibm14/netlist.pb.txt
[INFO] Retrieving Meta information from .plc comments
#[PLACEMENT GRID] Col: 49, Row: 44
#[ROUTES PER MICRON] Hor: 65.96, Ver: 106.96
#[CONGESTION SMOOTH RANGE] Smooth Range: 2
#[OVERLAP THRESHOLD] Threshold: 0.0040
#[INFO] Reading from external/MacroPlacement/Testcases/ICCAD04/ibm14/netlist.pb.txt
[INFO] Retrieving Meta information from .plc comments
#[PLACEMENT GRID] Col: 49, Row: 44
#[ROUTES PER MICRON] Hor: 65.96, Ver: 106.96
#[CONGESTION SMOOTH RANGE] Smooth Range: 2
#[OVERLAP THRESHOLD] Threshold: 0.0040
  [legalize] 641.6s cost=1.593875
#[INFO] Reading from external/MacroPlacement/Testcases/ICCAD04/ibm14/netlist.pb.txt
[INFO] Retrieving Meta information from .plc comments
#[PLACEMENT GRID] Col: 49, Row: 44
#[ROUTES PER MICRON] Hor: 65.96, Ver: 106.96
#[CONGESTION SMOOTH RANGE] Smooth Range: 2
#[OVERLAP THRESHOLD] Threshold: 0.0040
  [cd1] cost=1.525438
  [per_net] cost=1.325144
  [hard_lns] cost=1.304219
  [cycle_1] t=145.4 cost=1.179280
  [cycle_2] t=60.0 cost=1.164036
  [cycle_3] t=60.0 cost=1.154558
  [cycle_4] t=60.0 cost=1.147628
  [cycle_5] t=60.0 cost=1.141180
  [cycle_6] t=60.0 cost=1.137502
  [cycle_7] t=60.0 cost=1.135820
  [cycle_8] t=60.0 cost=1.135281
  [cycle_9] t=60.0 cost=1.134915
  [cycle_10] t=60.0 cost=1.134422
  [cycle_11] t=60.0 cost=1.134227
  [cycle_12] t=60.0 cost=1.134124
  [cycle_13] t=60.0 cost=1.133940
  [cycle_14] t=60.0 cost=1.133906
  [cycle_15] t=42.0 cost=1.133888
  [cycle_16] t=29.4 cost=1.133886
  [cycle_17] t=20.6 cost=1.133885
  [escape] plateau at 1.133885, budget 240s (hard-cong 120s + soft 120s)
  [escape.hard-cong] OK at 1.133514
  [escape.soft] OK at 1.130384
  [cycle_18] t=30.0 cost=1.129336
  [cycle_19] t=30.0 cost=1.129020
  [cycle_20] t=30.0 cost=1.128754
  [cycle_21] t=30.0 cost=1.128552
  [cycle_22] t=30.0 cost=1.128508
  [cycle_23] t=21.0 cost=1.128507
  [cycle_24] t=14.7 cost=1.128503
  [cycle_25] t=10.3 cost=1.128503
  [escape] plateau at 1.128503, budget 240s (hard-cong 120s + soft 120s)
  [escape.hard-cong] OK at 1.127923
  [escape.soft] OK at 1.127121
  [cycle_26] t=30.0 cost=1.126873
  [cycle_27] t=30.0 cost=1.126835
  [cycle_28] t=21.0 cost=1.126786
  [cycle_29] t=14.7 cost=1.126726
  [cycle_30] t=14.7 cost=1.126725
  [cycle_31] t=10.3 cost=1.126725
  [cycle_32] t=8.0 cost=1.126724
  [cycle_33] t=8.0 cost=1.126724
  [escape] plateau at 1.126724, budget 125s (hard-cong 63s + soft 63s)
  [escape.hard-cong] OK at 1.126576
  [cycle_34] t=30.0 cost=1.126489
  [cycle_35] t=30.0 cost=1.126482
  [cycle_36] t=21.0 cost=1.126464
  [cycle_37] t=14.7 cost=1.126415
  [cycle_38] t=10.3 cost=1.126415
  [plateau] stop at cycle 38
  [TOTAL] 3291.5s cycles=38 final=1.126415
proxy=1.1264  (wl=0.062 den=0.601 cong=1.527)  VALID  [3293.53s]
