================================================================================
evaluate · OptimalPlacer  (submissions/vmallela_v2/placer.py)
================================================================================

  ibm18... #[INFO] Reading from external/MacroPlacement/Testcases/ICCAD04/ibm18/netlist.pb.txt
[INFO] Retrieving Meta information from .plc comments
#[PLACEMENT GRID] Col: 55, Row: 39
#[ROUTES PER MICRON] Hor: 65.96, Ver: 106.96
#[CONGESTION SMOOTH RANGE] Smooth Range: 2
#[OVERLAP THRESHOLD] Threshold: 0.0040
#[INFO] Reading from external/MacroPlacement/Testcases/ICCAD04/ibm18/netlist.pb.txt
[INFO] Retrieving Meta information from .plc comments
#[PLACEMENT GRID] Col: 55, Row: 39
#[ROUTES PER MICRON] Hor: 65.96, Ver: 106.96
#[CONGESTION SMOOTH RANGE] Smooth Range: 2
#[OVERLAP THRESHOLD] Threshold: 0.0040
#[INFO] Reading from external/MacroPlacement/Testcases/ICCAD04/ibm18/netlist.pb.txt
[INFO] Retrieving Meta information from .plc comments
#[PLACEMENT GRID] Col: 55, Row: 39
#[ROUTES PER MICRON] Hor: 65.96, Ver: 106.96
#[CONGESTION SMOOTH RANGE] Smooth Range: 2
#[OVERLAP THRESHOLD] Threshold: 0.0040
  [legalize] 636.2s cost=1.789779
#[INFO] Reading from external/MacroPlacement/Testcases/ICCAD04/ibm18/netlist.pb.txt
[INFO] Retrieving Meta information from .plc comments
#[PLACEMENT GRID] Col: 55, Row: 39
#[ROUTES PER MICRON] Hor: 65.96, Ver: 106.96
#[CONGESTION SMOOTH RANGE] Smooth Range: 2
#[OVERLAP THRESHOLD] Threshold: 0.0040
  [cd1] cost=1.778662
  [per_net] cost=1.489649
  [hard_lns] cost=1.483579
  [cycle_1] t=147.8 cost=1.350320
  [cycle_2] t=60.0 cost=1.328376
  [cycle_3] t=60.0 cost=1.319417
  [cycle_4] t=60.0 cost=1.314118
  [cycle_5] t=60.0 cost=1.309902
  [cycle_6] t=60.0 cost=1.306351
  [cycle_7] t=60.0 cost=1.304367
  [cycle_8] t=60.0 cost=1.303458
  [cycle_9] t=60.0 cost=1.302471
  [cycle_10] t=60.0 cost=1.302074
  [cycle_11] t=60.0 cost=1.301668
  [cycle_12] t=60.0 cost=1.301493
  [cycle_13] t=60.0 cost=1.301433
  [cycle_14] t=60.0 cost=1.301394
  [cycle_15] t=42.0 cost=1.301390
  [cycle_16] t=29.4 cost=1.301387
  [cycle_17] t=20.6 cost=1.301386
  [escape] plateau at 1.301386, budget 240s (hard-cong 120s + soft 120s)
  [escape.hard-cong] OK at 1.301229
  [escape.soft] OK at 1.296581
  [cycle_18] t=30.0 cost=1.293517
  [cycle_19] t=30.0 cost=1.288650
  [cycle_20] t=30.0 cost=1.286786
  [cycle_21] t=30.0 cost=1.286316
  [cycle_22] t=30.0 cost=1.285784
  [cycle_23] t=30.0 cost=1.285581
  [cycle_24] t=30.0 cost=1.285522
  [cycle_25] t=30.0 cost=1.285488
  [cycle_26] t=21.0 cost=1.285486
  [cycle_27] t=14.7 cost=1.285484
  [cycle_28] t=10.3 cost=1.285477
  [escape] plateau at 1.285477, budget 240s (hard-cong 120s + soft 120s)
  [escape.hard-cong] OK at 1.284839
  [escape.soft] OK at 1.284437
  [cycle_29] t=30.0 cost=1.284251
  [cycle_30] t=30.0 cost=1.284206
  [cycle_31] t=21.0 cost=1.284183
  [cycle_32] t=14.7 cost=1.284177
  [cycle_33] t=10.3 cost=1.284177
  [escape] plateau at 1.284177, budget 122s (hard-cong 61s + soft 61s)
  [escape.hard-cong] OK at 1.284115
  [cycle_34] t=30.0 cost=1.284099
  [cycle_35] t=21.0 cost=1.284096
  [cycle_36] t=14.7 cost=1.284094
  [cycle_37] t=10.3 cost=1.284092
  [plateau] stop at cycle 37
  [TOTAL] 3260.3s cycles=37 final=1.284092
proxy=1.2841  (wl=0.065 den=0.705 cong=1.733)  VALID  [3261.69s]
