================================================================================
evaluate · OptimalPlacer  (submissions/vmallela_v2/placer.py)
================================================================================

  ibm13... #[INFO] Reading from external/MacroPlacement/Testcases/ICCAD04/ibm13/netlist.pb.txt
[INFO] Retrieving Meta information from .plc comments
#[PLACEMENT GRID] Col: 43, Row: 43
#[ROUTES PER MICRON] Hor: 65.96, Ver: 106.96
#[CONGESTION SMOOTH RANGE] Smooth Range: 2
#[OVERLAP THRESHOLD] Threshold: 0.0040
#[INFO] Reading from external/MacroPlacement/Testcases/ICCAD04/ibm13/netlist.pb.txt
[INFO] Retrieving Meta information from .plc comments
#[PLACEMENT GRID] Col: 43, Row: 43
#[ROUTES PER MICRON] Hor: 65.96, Ver: 106.96
#[CONGESTION SMOOTH RANGE] Smooth Range: 2
#[OVERLAP THRESHOLD] Threshold: 0.0040
#[INFO] Reading from external/MacroPlacement/Testcases/ICCAD04/ibm13/netlist.pb.txt
[INFO] Retrieving Meta information from .plc comments
#[PLACEMENT GRID] Col: 43, Row: 43
#[ROUTES PER MICRON] Hor: 65.96, Ver: 106.96
#[CONGESTION SMOOTH RANGE] Smooth Range: 2
#[OVERLAP THRESHOLD] Threshold: 0.0040
  [legalize] 618.4s cost=1.384379
#[INFO] Reading from external/MacroPlacement/Testcases/ICCAD04/ibm13/netlist.pb.txt
[INFO] Retrieving Meta information from .plc comments
#[PLACEMENT GRID] Col: 43, Row: 43
#[ROUTES PER MICRON] Hor: 65.96, Ver: 106.96
#[CONGESTION SMOOTH RANGE] Smooth Range: 2
#[OVERLAP THRESHOLD] Threshold: 0.0040
  [cd1] cost=1.348782
  [per_net] cost=1.070509
  [hard_lns] cost=1.038800
  [cycle_1] t=148.7 cost=0.933229
  [cycle_2] t=60.0 cost=0.921469
  [cycle_3] t=60.0 cost=0.911662
  [cycle_4] t=60.0 cost=0.907312
  [cycle_5] t=60.0 cost=0.904928
  [cycle_6] t=60.0 cost=0.902641
  [cycle_7] t=60.0 cost=0.901278
  [cycle_8] t=60.0 cost=0.900277
  [cycle_9] t=60.0 cost=0.900000
  [cycle_10] t=60.0 cost=0.899363
  [cycle_11] t=60.0 cost=0.899144
  [cycle_12] t=60.0 cost=0.898613
  [cycle_13] t=60.0 cost=0.898374
  [cycle_14] t=60.0 cost=0.898061
  [cycle_15] t=60.0 cost=0.897875
  [cycle_16] t=60.0 cost=0.897605
  [cycle_17] t=60.0 cost=0.897160
  [cycle_18] t=60.0 cost=0.896938
  [cycle_19] t=60.0 cost=0.896815
  [cycle_20] t=60.0 cost=0.896696
  [cycle_21] t=60.0 cost=0.896659
  [cycle_22] t=42.0 cost=0.896541
  [cycle_23] t=42.0 cost=0.896455
  [cycle_24] t=42.0 cost=0.896454
  [cycle_25] t=29.4 cost=0.896453
  [cycle_26] t=20.6 cost=0.896453
  [cycle_27] t=14.4 cost=0.896453
  [escape] plateau at 0.896453, budget 240s (hard-cong 120s + soft 120s)
  [escape.hard-cong] OK at 0.895689
  [escape.soft] OK at 0.894343
  [cycle_28] t=30.0 cost=0.893829
  [cycle_29] t=30.0 cost=0.893776
  [cycle_30] t=30.0 cost=0.893756
  [cycle_31] t=21.0 cost=0.893755
  [cycle_32] t=14.7 cost=0.893751
  [cycle_33] t=10.3 cost=0.893751
  [escape] plateau at 0.893751, budget 132s (hard-cong 66s + soft 66s)
  [escape.hard-cong] OK at 0.893546
  [cycle_34] t=30.0 cost=0.893487
  [cycle_35] t=30.0 cost=0.893454
  [cycle_36] t=21.0 cost=0.893402
  [cycle_37] t=21.0 cost=0.893401
  [cycle_38] t=14.7 cost=0.893399
  [TOTAL] 3290.2s cycles=39 final=0.893397
proxy=0.8934  (wl=0.065 den=0.554 cong=1.103)  VALID  [3291.28s]
