================================================================================
evaluate · OptimalPlacer  (submissions/vmallela_v2/placer.py)
================================================================================

  ibm04... #[INFO] Reading from external/MacroPlacement/Testcases/ICCAD04/ibm04/netlist.pb.txt
[INFO] Retrieving Meta information from .plc comments
#[PLACEMENT GRID] Col: 31, Row: 30
#[ROUTES PER MICRON] Hor: 65.96, Ver: 106.96
#[CONGESTION SMOOTH RANGE] Smooth Range: 2
#[OVERLAP THRESHOLD] Threshold: 0.0040
#[INFO] Reading from external/MacroPlacement/Testcases/ICCAD04/ibm04/netlist.pb.txt
[INFO] Retrieving Meta information from .plc comments
#[PLACEMENT GRID] Col: 31, Row: 30
#[ROUTES PER MICRON] Hor: 65.96, Ver: 106.96
#[CONGESTION SMOOTH RANGE] Smooth Range: 2
#[OVERLAP THRESHOLD] Threshold: 0.0040
#[INFO] Reading from external/MacroPlacement/Testcases/ICCAD04/ibm04/netlist.pb.txt
[INFO] Retrieving Meta information from .plc comments
#[PLACEMENT GRID] Col: 31, Row: 30
#[ROUTES PER MICRON] Hor: 65.96, Ver: 106.96
#[CONGESTION SMOOTH RANGE] Smooth Range: 2
#[OVERLAP THRESHOLD] Threshold: 0.0040
  [legalize] 604.1s cost=1.318263
#[INFO] Reading from external/MacroPlacement/Testcases/ICCAD04/ibm04/netlist.pb.txt
[INFO] Retrieving Meta information from .plc comments
#[PLACEMENT GRID] Col: 31, Row: 30
#[ROUTES PER MICRON] Hor: 65.96, Ver: 106.96
#[CONGESTION SMOOTH RANGE] Smooth Range: 2
#[OVERLAP THRESHOLD] Threshold: 0.0040
  [cd1] cost=1.246666
  [per_net] cost=1.106637
  [hard_lns] cost=1.092165
  [cycle_1] t=147.5 cost=1.008807
  [cycle_2] t=60.0 cost=1.001606
  [cycle_3] t=60.0 cost=0.998574
  [cycle_4] t=60.0 cost=0.994418
  [cycle_5] t=60.0 cost=0.993123
  [cycle_6] t=60.0 cost=0.991842
  [cycle_7] t=60.0 cost=0.990800
  [cycle_8] t=60.0 cost=0.988588
  [cycle_9] t=60.0 cost=0.987530
  [cycle_10] t=60.0 cost=0.986793
  [cycle_11] t=60.0 cost=0.986743
  [cycle_12] t=60.0 cost=0.986572
  [cycle_13] t=60.0 cost=0.986522
  [cycle_14] t=42.0 cost=0.986522
  [cycle_15] t=29.4 cost=0.986522
  [cycle_16] t=20.6 cost=0.986522
  [plateau] stop at cycle 16
  [TOTAL] 2054.0s cycles=16 final=0.986522
proxy=0.9889  (wl=0.079 den=0.561 cong=1.259)  VALID  [2054.49s]
