================================================================================
evaluate · OptimalPlacer  (submissions/vmallela_v2/placer.py)
================================================================================

  ibm06... #[INFO] Reading from external/MacroPlacement/Testcases/ICCAD04/ibm06/netlist.pb.txt
[INFO] Retrieving Meta information from .plc comments
#[PLACEMENT GRID] Col: 31, Row: 28
#[ROUTES PER MICRON] Hor: 65.96, Ver: 106.96
#[CONGESTION SMOOTH RANGE] Smooth Range: 2
#[OVERLAP THRESHOLD] Threshold: 0.0040
#[INFO] Reading from external/MacroPlacement/Testcases/ICCAD04/ibm06/netlist.pb.txt
[INFO] Retrieving Meta information from .plc comments
#[PLACEMENT GRID] Col: 31, Row: 28
#[ROUTES PER MICRON] Hor: 65.96, Ver: 106.96
#[CONGESTION SMOOTH RANGE] Smooth Range: 2
#[OVERLAP THRESHOLD] Threshold: 0.0040
#[INFO] Reading from external/MacroPlacement/Testcases/ICCAD04/ibm06/netlist.pb.txt
[INFO] Retrieving Meta information from .plc comments
#[PLACEMENT GRID] Col: 31, Row: 28
#[ROUTES PER MICRON] Hor: 65.96, Ver: 106.96
#[CONGESTION SMOOTH RANGE] Smooth Range: 2
#[OVERLAP THRESHOLD] Threshold: 0.0040
  [legalize] 600.2s cost=1.662054
#[INFO] Reading from external/MacroPlacement/Testcases/ICCAD04/ibm06/netlist.pb.txt
[INFO] Retrieving Meta information from .plc comments
#[PLACEMENT GRID] Col: 31, Row: 28
#[ROUTES PER MICRON] Hor: 65.96, Ver: 106.96
#[CONGESTION SMOOTH RANGE] Smooth Range: 2
#[OVERLAP THRESHOLD] Threshold: 0.0040
  [cd1] cost=1.631690
  [per_net] cost=1.444922
  [hard_lns] cost=1.438327
  [cycle_1] t=147.7 cost=1.229778
  [cycle_2] t=60.0 cost=1.211859
  [cycle_3] t=60.0 cost=1.204385
  [cycle_4] t=60.0 cost=1.198483
  [cycle_5] t=60.0 cost=1.194781
  [cycle_6] t=60.0 cost=1.192457
  [cycle_7] t=60.0 cost=1.190139
  [cycle_8] t=60.0 cost=1.186946
  [cycle_9] t=60.0 cost=1.183086
  [cycle_10] t=60.0 cost=1.180931
  [cycle_11] t=60.0 cost=1.179771
  [cycle_12] t=60.0 cost=1.178506
  [cycle_13] t=60.0 cost=1.178116
  [cycle_14] t=60.0 cost=1.178017
  [cycle_15] t=60.0 cost=1.177825
  [cycle_16] t=60.0 cost=1.177712
  [cycle_17] t=60.0 cost=1.177497
  [cycle_18] t=60.0 cost=1.177449
  [cycle_19] t=42.0 cost=1.177449
  [cycle_20] t=29.4 cost=1.177449
  [cycle_21] t=20.6 cost=1.177449
  [plateau] stop at cycle 21
  [TOTAL] 2366.5s cycles=21 final=1.177449
proxy=1.1826  (wl=0.077 den=0.565 cong=1.645)  VALID  [2366.98s]
