================================================================================
evaluate · OptimalPlacer  (submissions/vmallela_v2/placer.py)
================================================================================

  ibm09... #[INFO] Reading from external/MacroPlacement/Testcases/ICCAD04/ibm09/netlist.pb.txt
[INFO] Retrieving Meta information from .plc comments
#[PLACEMENT GRID] Col: 36, Row: 38
#[ROUTES PER MICRON] Hor: 65.96, Ver: 106.96
#[CONGESTION SMOOTH RANGE] Smooth Range: 2
#[OVERLAP THRESHOLD] Threshold: 0.0040
#[INFO] Reading from external/MacroPlacement/Testcases/ICCAD04/ibm09/netlist.pb.txt
[INFO] Retrieving Meta information from .plc comments
#[PLACEMENT GRID] Col: 36, Row: 38
#[ROUTES PER MICRON] Hor: 65.96, Ver: 106.96
#[CONGESTION SMOOTH RANGE] Smooth Range: 2
#[OVERLAP THRESHOLD] Threshold: 0.0040
#[INFO] Reading from external/MacroPlacement/Testcases/ICCAD04/ibm09/netlist.pb.txt
[INFO] Retrieving Meta information from .plc comments
#[PLACEMENT GRID] Col: 36, Row: 38
#[ROUTES PER MICRON] Hor: 65.96, Ver: 106.96
#[CONGESTION SMOOTH RANGE] Smooth Range: 2
#[OVERLAP THRESHOLD] Threshold: 0.0040
  [legalize] 603.5s cost=1.103928
#[INFO] Reading from external/MacroPlacement/Testcases/ICCAD04/ibm09/netlist.pb.txt
[INFO] Retrieving Meta information from .plc comments
#[PLACEMENT GRID] Col: 36, Row: 38
#[ROUTES PER MICRON] Hor: 65.96, Ver: 106.96
#[CONGESTION SMOOTH RANGE] Smooth Range: 2
#[OVERLAP THRESHOLD] Threshold: 0.0040
  [cd1] cost=1.065625
  [per_net] cost=0.937522
  [hard_lns] cost=0.929939
  [cycle_1] t=147.5 cost=0.848162
  [cycle_2] t=60.0 cost=0.840855
  [cycle_3] t=60.0 cost=0.836372
  [cycle_4] t=60.0 cost=0.833308
  [cycle_5] t=60.0 cost=0.830572
  [cycle_6] t=60.0 cost=0.829201
  [cycle_7] t=60.0 cost=0.827288
  [cycle_8] t=60.0 cost=0.825633
  [cycle_9] t=60.0 cost=0.824983
  [cycle_10] t=60.0 cost=0.824395
  [cycle_11] t=60.0 cost=0.823859
  [cycle_12] t=60.0 cost=0.822958
  [cycle_13] t=60.0 cost=0.822795
  [cycle_14] t=60.0 cost=0.822700
  [cycle_15] t=60.0 cost=0.822637
  [cycle_16] t=60.0 cost=0.822629
  [cycle_17] t=42.0 cost=0.822629
  [cycle_18] t=29.4 cost=0.822629
  [cycle_19] t=20.6 cost=0.822629
  [plateau] stop at cycle 19
  [TOTAL] 2242.2s cycles=19 final=0.822629
proxy=0.8238  (wl=0.062 den=0.573 cong=0.952)  VALID  [2242.81s]
