================================================================================
evaluate · OptimalPlacer  (submissions/vmallela_v2/placer.py)
================================================================================

  ibm07... #[INFO] Reading from external/MacroPlacement/Testcases/ICCAD04/ibm07/netlist.pb.txt
[INFO] Retrieving Meta information from .plc comments
#[PLACEMENT GRID] Col: 35, Row: 32
#[ROUTES PER MICRON] Hor: 65.96, Ver: 106.96
#[CONGESTION SMOOTH RANGE] Smooth Range: 2
#[OVERLAP THRESHOLD] Threshold: 0.0040
#[INFO] Reading from external/MacroPlacement/Testcases/ICCAD04/ibm07/netlist.pb.txt
[INFO] Retrieving Meta information from .plc comments
#[PLACEMENT GRID] Col: 35, Row: 32
#[ROUTES PER MICRON] Hor: 65.96, Ver: 106.96
#[CONGESTION SMOOTH RANGE] Smooth Range: 2
#[OVERLAP THRESHOLD] Threshold: 0.0040
#[INFO] Reading from external/MacroPlacement/Testcases/ICCAD04/ibm07/netlist.pb.txt
[INFO] Retrieving Meta information from .plc comments
#[PLACEMENT GRID] Col: 35, Row: 32
#[ROUTES PER MICRON] Hor: 65.96, Ver: 106.96
#[CONGESTION SMOOTH RANGE] Smooth Range: 2
#[OVERLAP THRESHOLD] Threshold: 0.0040
  [legalize] 604.4s cost=1.476506
#[INFO] Reading from external/MacroPlacement/Testcases/ICCAD04/ibm07/netlist.pb.txt
[INFO] Retrieving Meta information from .plc comments
#[PLACEMENT GRID] Col: 35, Row: 32
#[ROUTES PER MICRON] Hor: 65.96, Ver: 106.96
#[CONGESTION SMOOTH RANGE] Smooth Range: 2
#[OVERLAP THRESHOLD] Threshold: 0.0040
  [cd1] cost=1.457879
  [per_net] cost=1.312352
  [hard_lns] cost=1.306415
  [cycle_1] t=147.5 cost=1.171674
  [cycle_2] t=60.0 cost=1.157639
  [cycle_3] t=60.0 cost=1.150497
  [cycle_4] t=60.0 cost=1.143767
  [cycle_5] t=60.0 cost=1.137962
  [cycle_6] t=60.0 cost=1.133369
  [cycle_7] t=60.0 cost=1.131365
  [cycle_8] t=60.0 cost=1.129953
  [cycle_9] t=60.0 cost=1.128926
  [cycle_10] t=60.0 cost=1.128604
  [cycle_11] t=60.0 cost=1.128322
  [cycle_12] t=60.0 cost=1.127707
  [cycle_13] t=60.0 cost=1.127376
  [cycle_14] t=60.0 cost=1.127211
  [cycle_15] t=60.0 cost=1.126098
  [cycle_16] t=60.0 cost=1.125818
  [cycle_17] t=60.0 cost=1.125705
  [cycle_18] t=60.0 cost=1.125675
  [cycle_19] t=42.0 cost=1.125675
  [cycle_20] t=29.4 cost=1.125675
  [cycle_21] t=20.6 cost=1.125675
  [plateau] stop at cycle 21
  [TOTAL] 2375.3s cycles=21 final=1.125675
proxy=1.1277  (wl=0.078 den=0.602 cong=1.497)  VALID  [2375.96s]
