================================================================================
evaluate · OptimalPlacer  (submissions/vmallela_v2/placer.py)
================================================================================

  ibm03... #[INFO] Reading from external/MacroPlacement/Testcases/ICCAD04/ibm03/netlist.pb.txt
[INFO] Retrieving Meta information from .plc comments
#[PLACEMENT GRID] Col: 32, Row: 29
#[ROUTES PER MICRON] Hor: 65.96, Ver: 106.96
#[CONGESTION SMOOTH RANGE] Smooth Range: 2
#[OVERLAP THRESHOLD] Threshold: 0.0040
#[INFO] Reading from external/MacroPlacement/Testcases/ICCAD04/ibm03/netlist.pb.txt
[INFO] Retrieving Meta information from .plc comments
#[PLACEMENT GRID] Col: 32, Row: 29
#[ROUTES PER MICRON] Hor: 65.96, Ver: 106.96
#[CONGESTION SMOOTH RANGE] Smooth Range: 2
#[OVERLAP THRESHOLD] Threshold: 0.0040
#[INFO] Reading from external/MacroPlacement/Testcases/ICCAD04/ibm03/netlist.pb.txt
[INFO] Retrieving Meta information from .plc comments
#[PLACEMENT GRID] Col: 32, Row: 29
#[ROUTES PER MICRON] Hor: 65.96, Ver: 106.96
#[CONGESTION SMOOTH RANGE] Smooth Range: 2
#[OVERLAP THRESHOLD] Threshold: 0.0040
  [legalize] 601.4s cost=1.324393
#[INFO] Reading from external/MacroPlacement/Testcases/ICCAD04/ibm03/netlist.pb.txt
[INFO] Retrieving Meta information from .plc comments
#[PLACEMENT GRID] Col: 32, Row: 29
#[ROUTES PER MICRON] Hor: 65.96, Ver: 106.96
#[CONGESTION SMOOTH RANGE] Smooth Range: 2
#[OVERLAP THRESHOLD] Threshold: 0.0040
  [cd1] cost=1.309467
  [hard_lns] cost=1.115514
  [cycle_1] t=153.2 cost=1.009945
  [cycle_2] t=60.0 cost=0.999649
  [cycle_3] t=60.0 cost=0.993784
  [cycle_4] t=60.0 cost=0.990942
  [cycle_5] t=60.0 cost=0.988836
  [cycle_6] t=60.0 cost=0.987427
  [cycle_7] t=60.0 cost=0.986352
  [cycle_8] t=60.0 cost=0.986352
  [cycle_9] t=42.0 cost=0.986352
  [cycle_10] t=29.4 cost=0.986352
  [cycle_11] t=20.6 cost=0.986352
  [plateau] stop at cycle 11
  [TOTAL] 1666.9s cycles=11 final=0.986352
proxy=0.9912  (wl=0.092 den=0.514 cong=1.284)  VALID  [1667.36s]
