================================================================================
evaluate · OptimalPlacer  (submissions/vmallela_v2/placer.py)
================================================================================

  ibm16... #[INFO] Reading from external/MacroPlacement/Testcases/ICCAD04/ibm16/netlist.pb.txt
[INFO] Retrieving Meta information from .plc comments
#[PLACEMENT GRID] Col: 45, Row: 48
#[ROUTES PER MICRON] Hor: 65.96, Ver: 106.96
#[CONGESTION SMOOTH RANGE] Smooth Range: 2
#[OVERLAP THRESHOLD] Threshold: 0.0040
#[INFO] Reading from external/MacroPlacement/Testcases/ICCAD04/ibm16/netlist.pb.txt
[INFO] Retrieving Meta information from .plc comments
#[PLACEMENT GRID] Col: 45, Row: 48
#[ROUTES PER MICRON] Hor: 65.96, Ver: 106.96
#[CONGESTION SMOOTH RANGE] Smooth Range: 2
#[OVERLAP THRESHOLD] Threshold: 0.0040
#[INFO] Reading from external/MacroPlacement/Testcases/ICCAD04/ibm16/netlist.pb.txt
[INFO] Retrieving Meta information from .plc comments
#[PLACEMENT GRID] Col: 45, Row: 48
#[ROUTES PER MICRON] Hor: 65.96, Ver: 106.96
#[CONGESTION SMOOTH RANGE] Smooth Range: 2
#[OVERLAP THRESHOLD] Threshold: 0.0040
  [legalize] 617.4s cost=1.488147
#[INFO] Reading from external/MacroPlacement/Testcases/ICCAD04/ibm16/netlist.pb.txt
[INFO] Retrieving Meta information from .plc comments
#[PLACEMENT GRID] Col: 45, Row: 48
#[ROUTES PER MICRON] Hor: 65.96, Ver: 106.96
#[CONGESTION SMOOTH RANGE] Smooth Range: 2
#[OVERLAP THRESHOLD] Threshold: 0.0040
  [cd1] cost=1.461378
  [per_net] cost=1.377741
  [hard_lns] cost=1.372882
  [cycle_1] t=146.6 cost=1.253514
  [cycle_2] t=60.0 cost=1.237119
  [cycle_3] t=60.0 cost=1.230998
  [cycle_4] t=60.0 cost=1.227820
  [cycle_5] t=60.0 cost=1.225782
  [cycle_6] t=60.0 cost=1.221094
  [cycle_7] t=60.0 cost=1.218095
  [cycle_8] t=60.0 cost=1.216029
  [cycle_9] t=60.0 cost=1.214940
  [cycle_10] t=60.0 cost=1.213248
  [cycle_11] t=60.0 cost=1.212542
  [cycle_12] t=60.0 cost=1.211900
  [cycle_13] t=60.0 cost=1.211368
  [cycle_14] t=60.0 cost=1.208318
  [cycle_15] t=60.0 cost=1.207806
  [cycle_16] t=60.0 cost=1.207446
  [cycle_17] t=60.0 cost=1.207305
  [cycle_18] t=60.0 cost=1.206326
  [cycle_19] t=60.0 cost=1.206022
  [cycle_20] t=60.0 cost=1.204648
  [cycle_21] t=60.0 cost=1.204383
  [cycle_22] t=60.0 cost=1.204131
  [cycle_23] t=60.0 cost=1.203952
  [cycle_24] t=60.0 cost=1.203896
  [cycle_25] t=60.0 cost=1.203471
  [cycle_26] t=60.0 cost=1.202379
  [cycle_27] t=60.0 cost=1.200911
  [cycle_28] t=60.0 cost=1.200813
  [cycle_29] t=60.0 cost=1.200615
  [cycle_30] t=60.0 cost=1.199604
  [cycle_31] t=60.0 cost=1.199232
  [cycle_32] t=60.0 cost=1.199103
  [cycle_33] t=60.0 cost=1.198831
  [TOTAL] 3303.1s cycles=34 final=1.198831
proxy=1.2024  (wl=0.055 den=0.657 cong=1.638)  VALID  [3304.77s]
