================================================================================
evaluate · OptimalPlacer  (submissions/vmallela_v2/placer.py)
================================================================================

  ibm11... #[INFO] Reading from external/MacroPlacement/Testcases/ICCAD04/ibm11/netlist.pb.txt
[INFO] Retrieving Meta information from .plc comments
#[PLACEMENT GRID] Col: 39, Row: 45
#[ROUTES PER MICRON] Hor: 65.96, Ver: 106.96
#[CONGESTION SMOOTH RANGE] Smooth Range: 2
#[OVERLAP THRESHOLD] Threshold: 0.0040
#[INFO] Reading from external/MacroPlacement/Testcases/ICCAD04/ibm11/netlist.pb.txt
[INFO] Retrieving Meta information from .plc comments
#[PLACEMENT GRID] Col: 39, Row: 45
#[ROUTES PER MICRON] Hor: 65.96, Ver: 106.96
#[CONGESTION SMOOTH RANGE] Smooth Range: 2
#[OVERLAP THRESHOLD] Threshold: 0.0040
#[INFO] Reading from external/MacroPlacement/Testcases/ICCAD04/ibm11/netlist.pb.txt
[INFO] Retrieving Meta information from .plc comments
#[PLACEMENT GRID] Col: 39, Row: 45
#[ROUTES PER MICRON] Hor: 65.96, Ver: 106.96
#[CONGESTION SMOOTH RANGE] Smooth Range: 2
#[OVERLAP THRESHOLD] Threshold: 0.0040
  [legalize] 606.5s cost=1.212187
#[INFO] Reading from external/MacroPlacement/Testcases/ICCAD04/ibm11/netlist.pb.txt
[INFO] Retrieving Meta information from .plc comments
#[PLACEMENT GRID] Col: 39, Row: 45
#[ROUTES PER MICRON] Hor: 65.96, Ver: 106.96
#[CONGESTION SMOOTH RANGE] Smooth Range: 2
#[OVERLAP THRESHOLD] Threshold: 0.0040
  [cd1] cost=1.190637
  [per_net] cost=1.066507
  [hard_lns] cost=1.056593
  [cycle_1] t=147.4 cost=0.949239
  [cycle_2] t=60.0 cost=0.939221
  [cycle_3] t=60.0 cost=0.931665
  [cycle_4] t=60.0 cost=0.926818
  [cycle_5] t=60.0 cost=0.924294
  [cycle_6] t=60.0 cost=0.920284
  [cycle_7] t=60.0 cost=0.918667
  [cycle_8] t=60.0 cost=0.916139
  [cycle_9] t=60.0 cost=0.915717
  [cycle_10] t=60.0 cost=0.914710
  [cycle_11] t=60.0 cost=0.913893
  [cycle_12] t=60.0 cost=0.912730
  [cycle_13] t=60.0 cost=0.911756
  [cycle_14] t=60.0 cost=0.910871
  [cycle_15] t=60.0 cost=0.910702
  [cycle_16] t=60.0 cost=0.910260
  [cycle_17] t=60.0 cost=0.910260
  [cycle_18] t=42.0 cost=0.910260
  [cycle_19] t=29.4 cost=0.910260
  [cycle_20] t=20.6 cost=0.910260
  [plateau] stop at cycle 20
  [TOTAL] 2310.6s cycles=20 final=0.910260
proxy=0.9133  (wl=0.061 den=0.585 cong=1.119)  VALID  [2311.32s]
