================================================================================
evaluate · OptimalPlacer  (submissions/vmallela_v2/placer.py)
================================================================================

  ibm10... #[INFO] Reading from external/MacroPlacement/Testcases/ICCAD04/ibm10/netlist.pb.txt
[INFO] Retrieving Meta information from .plc comments
#[PLACEMENT GRID] Col: 55, Row: 41
#[ROUTES PER MICRON] Hor: 65.96, Ver: 106.96
#[CONGESTION SMOOTH RANGE] Smooth Range: 2
#[OVERLAP THRESHOLD] Threshold: 0.0040
#[INFO] Reading from external/MacroPlacement/Testcases/ICCAD04/ibm10/netlist.pb.txt
[INFO] Retrieving Meta information from .plc comments
#[PLACEMENT GRID] Col: 55, Row: 41
#[ROUTES PER MICRON] Hor: 65.96, Ver: 106.96
#[CONGESTION SMOOTH RANGE] Smooth Range: 2
#[OVERLAP THRESHOLD] Threshold: 0.0040
#[INFO] Reading from external/MacroPlacement/Testcases/ICCAD04/ibm10/netlist.pb.txt
[INFO] Retrieving Meta information from .plc comments
#[PLACEMENT GRID] Col: 55, Row: 41
#[ROUTES PER MICRON] Hor: 65.96, Ver: 106.96
#[CONGESTION SMOOTH RANGE] Smooth Range: 2
#[OVERLAP THRESHOLD] Threshold: 0.0040
  [legalize] 627.3s cost=1.336742
#[INFO] Reading from external/MacroPlacement/Testcases/ICCAD04/ibm10/netlist.pb.txt
[INFO] Retrieving Meta information from .plc comments
#[PLACEMENT GRID] Col: 55, Row: 41
#[ROUTES PER MICRON] Hor: 65.96, Ver: 106.96
#[CONGESTION SMOOTH RANGE] Smooth Range: 2
#[OVERLAP THRESHOLD] Threshold: 0.0040
  [cd1] cost=1.269946
  [per_net] cost=1.221080
  [hard_lns] cost=1.210496
  [cycle_1] t=146.2 cost=1.137247
  [cycle_2] t=60.0 cost=1.128472
  [cycle_3] t=60.0 cost=1.123704
  [cycle_4] t=60.0 cost=1.120457
  [cycle_5] t=60.0 cost=1.117658
  [cycle_6] t=60.0 cost=1.115791
  [cycle_7] t=60.0 cost=1.114132
  [cycle_8] t=60.0 cost=1.111365
  [cycle_9] t=60.0 cost=1.109922
  [cycle_10] t=60.0 cost=1.108578
  [cycle_11] t=60.0 cost=1.106806
  [cycle_12] t=60.0 cost=1.105446
  [cycle_13] t=60.0 cost=1.104362
  [cycle_14] t=60.0 cost=1.101560
  [cycle_15] t=60.0 cost=1.101116
  [cycle_16] t=60.0 cost=1.100810
  [cycle_17] t=60.0 cost=1.100167
  [cycle_18] t=60.0 cost=1.099615
  [cycle_19] t=60.0 cost=1.099312
  [cycle_20] t=60.0 cost=1.098276
  [cycle_21] t=60.0 cost=1.097590
  [cycle_22] t=60.0 cost=1.097493
  [cycle_23] t=60.0 cost=1.097333
  [cycle_24] t=60.0 cost=1.096800
  [cycle_25] t=60.0 cost=1.096507
  [cycle_26] t=60.0 cost=1.096273
  [cycle_27] t=60.0 cost=1.096046
  [cycle_28] t=60.0 cost=1.095889
  [cycle_29] t=60.0 cost=1.095754
  [cycle_30] t=60.0 cost=1.095735
  [cycle_31] t=42.0 cost=1.095735
  [cycle_32] t=29.4 cost=1.095735
  [cycle_33] t=20.6 cost=1.095735
  [plateau] stop at cycle 33
  [TOTAL] 3147.8s cycles=33 final=1.095735
proxy=1.0989  (wl=0.068 den=0.557 cong=1.504)  VALID  [3149.19s]
