================================================================================
evaluate · OptimalPlacer  (submissions/vmallela_v2/placer.py)
================================================================================

  ibm08... #[INFO] Reading from external/MacroPlacement/Testcases/ICCAD04/ibm08/netlist.pb.txt
[INFO] Retrieving Meta information from .plc comments
#[PLACEMENT GRID] Col: 38, Row: 34
#[ROUTES PER MICRON] Hor: 65.96, Ver: 106.96
#[CONGESTION SMOOTH RANGE] Smooth Range: 2
#[OVERLAP THRESHOLD] Threshold: 0.0040
#[INFO] Reading from external/MacroPlacement/Testcases/ICCAD04/ibm08/netlist.pb.txt
[INFO] Retrieving Meta information from .plc comments
#[PLACEMENT GRID] Col: 38, Row: 34
#[ROUTES PER MICRON] Hor: 65.96, Ver: 106.96
#[CONGESTION SMOOTH RANGE] Smooth Range: 2
#[OVERLAP THRESHOLD] Threshold: 0.0040
#[INFO] Reading from external/MacroPlacement/Testcases/ICCAD04/ibm08/netlist.pb.txt
[INFO] Retrieving Meta information from .plc comments
#[PLACEMENT GRID] Col: 38, Row: 34
#[ROUTES PER MICRON] Hor: 65.96, Ver: 106.96
#[CONGESTION SMOOTH RANGE] Smooth Range: 2
#[OVERLAP THRESHOLD] Threshold: 0.0040
  [legalize] 604.0s cost=1.464095
#[INFO] Reading from external/MacroPlacement/Testcases/ICCAD04/ibm08/netlist.pb.txt
[INFO] Retrieving Meta information from .plc comments
#[PLACEMENT GRID] Col: 38, Row: 34
#[ROUTES PER MICRON] Hor: 65.96, Ver: 106.96
#[CONGESTION SMOOTH RANGE] Smooth Range: 2
#[OVERLAP THRESHOLD] Threshold: 0.0040
  [cd1] cost=1.442721
  [per_net] cost=1.203881
  [hard_lns] cost=1.186462
  [cycle_1] t=149.5 cost=1.088469
  [cycle_2] t=60.0 cost=1.076281
  [cycle_3] t=60.0 cost=1.070552
  [cycle_4] t=60.0 cost=1.065938
  [cycle_5] t=60.0 cost=1.064167
  [cycle_6] t=60.0 cost=1.062989
  [cycle_7] t=60.0 cost=1.062135
  [cycle_8] t=60.0 cost=1.061608
  [cycle_9] t=60.0 cost=1.061085
  [cycle_10] t=60.0 cost=1.060858
  [cycle_11] t=60.0 cost=1.060642
  [cycle_12] t=60.0 cost=1.059642
  [cycle_13] t=60.0 cost=1.059192
  [cycle_14] t=60.0 cost=1.058850
  [cycle_15] t=60.0 cost=1.058387
  [cycle_16] t=60.0 cost=1.057858
  [cycle_17] t=60.0 cost=1.057739
  [cycle_18] t=60.0 cost=1.057446
  [cycle_19] t=60.0 cost=1.057150
  [cycle_20] t=60.0 cost=1.056927
  [cycle_21] t=60.0 cost=1.056722
  [cycle_22] t=60.0 cost=1.056674
  [cycle_23] t=42.0 cost=1.056635
  [cycle_24] t=29.4 cost=1.056635
  [cycle_25] t=20.6 cost=1.056635
  [escape] plateau at 1.056635, budget 240s (hard-cong 120s + soft 120s)
  [escape.soft] OK at 1.053539
  [cycle_26] t=30.0 cost=1.052131
  [cycle_27] t=30.0 cost=1.051712
  [cycle_28] t=30.0 cost=1.051671
  [cycle_29] t=21.0 cost=1.051601
  [cycle_30] t=21.0 cost=1.051549
  [cycle_31] t=21.0 cost=1.051439
  [cycle_32] t=21.0 cost=1.051387
  [cycle_33] t=21.0 cost=1.051362
  [cycle_34] t=14.7 cost=1.051362
  [cycle_35] t=10.3 cost=1.051362
  [cycle_36] t=8.0 cost=1.051362
  [escape] plateau at 1.051362, budget 103s (hard-cong 51s + soft 51s)
  [escape.hard-cong] OK at 1.051208
  [escape.soft] OK at 1.050725
  [cycle_37] t=30.0 cost=1.050396
  [cycle_38] t=30.0 cost=1.050275
  [cycle_39] t=30.0 cost=1.050060
  [TOTAL] 3297.5s cycles=40 final=1.049768
proxy=1.0498  (wl=0.079 den=0.579 cong=1.361)  VALID  [3298.66s]
