================================================================================
evaluate · OptimalPlacer  (submissions/vmallela_v2/placer.py)
================================================================================

  ibm02... #[INFO] Reading from external/MacroPlacement/Testcases/ICCAD04/ibm02/netlist.pb.txt
[INFO] Retrieving Meta information from .plc comments
#[PLACEMENT GRID] Col: 30, Row: 27
#[ROUTES PER MICRON] Hor: 65.96, Ver: 106.96
#[CONGESTION SMOOTH RANGE] Smooth Range: 2
#[OVERLAP THRESHOLD] Threshold: 0.0040
#[INFO] Reading from external/MacroPlacement/Testcases/ICCAD04/ibm02/netlist.pb.txt
[INFO] Retrieving Meta information from .plc comments
#[PLACEMENT GRID] Col: 30, Row: 27
#[ROUTES PER MICRON] Hor: 65.96, Ver: 106.96
#[CONGESTION SMOOTH RANGE] Smooth Range: 2
#[OVERLAP THRESHOLD] Threshold: 0.0040
#[INFO] Reading from external/MacroPlacement/Testcases/ICCAD04/ibm02/netlist.pb.txt
[INFO] Retrieving Meta information from .plc comments
#[PLACEMENT GRID] Col: 30, Row: 27
#[ROUTES PER MICRON] Hor: 65.96, Ver: 106.96
#[CONGESTION SMOOTH RANGE] Smooth Range: 2
#[OVERLAP THRESHOLD] Threshold: 0.0040
  [legalize] 602.5s cost=1.572162
#[INFO] Reading from external/MacroPlacement/Testcases/ICCAD04/ibm02/netlist.pb.txt
[INFO] Retrieving Meta information from .plc comments
#[PLACEMENT GRID] Col: 30, Row: 27
#[ROUTES PER MICRON] Hor: 65.96, Ver: 106.96
#[CONGESTION SMOOTH RANGE] Smooth Range: 2
#[OVERLAP THRESHOLD] Threshold: 0.0040
  [cd1] cost=1.470940
  [hard_lns] cost=1.208273
  [cycle_1] t=150.8 cost=1.035601
  [cycle_2] t=60.0 cost=1.022383
  [cycle_3] t=60.0 cost=1.012464
  [cycle_4] t=60.0 cost=1.005932
  [cycle_5] t=60.0 cost=1.002239
  [cycle_6] t=60.0 cost=1.000193
  [cycle_7] t=60.0 cost=0.997375
  [cycle_8] t=60.0 cost=0.995811
  [cycle_9] t=60.0 cost=0.994026
  [cycle_10] t=60.0 cost=0.992217
  [cycle_11] t=60.0 cost=0.991063
  [cycle_12] t=60.0 cost=0.989685
  [cycle_13] t=60.0 cost=0.989387
  [cycle_14] t=60.0 cost=0.989215
  [cycle_15] t=60.0 cost=0.989110
  [cycle_16] t=60.0 cost=0.989094
  [cycle_17] t=42.0 cost=0.988958
  [cycle_18] t=42.0 cost=0.988941
  [cycle_19] t=29.4 cost=0.988928
  [cycle_20] t=20.6 cost=0.988928
  [cycle_21] t=14.4 cost=0.988928
  [escape] plateau at 0.988928, budget 240s (hard-cong 120s + soft 120s)
  [escape.hard-cong] OK at 0.987922
  [escape.soft] OK at 0.979591
  [cycle_22] t=30.0 cost=0.977416
  [cycle_23] t=30.0 cost=0.977011
  [cycle_24] t=30.0 cost=0.976903
  [cycle_25] t=30.0 cost=0.975802
  [cycle_26] t=30.0 cost=0.973954
  [cycle_27] t=30.0 cost=0.971858
  [cycle_28] t=30.0 cost=0.970138
  [cycle_29] t=30.0 cost=0.969063
  [cycle_30] t=30.0 cost=0.968124
  [cycle_31] t=30.0 cost=0.967796
  [cycle_32] t=30.0 cost=0.967767
  [cycle_33] t=21.0 cost=0.967739
  [cycle_34] t=14.7 cost=0.967731
  [cycle_35] t=10.3 cost=0.967731
  [escape] plateau at 0.967731, budget 205s (hard-cong 102s + soft 102s)
  [escape.hard-cong] OK at 0.967266
  [escape.soft] OK at 0.965020
  [cycle_36] t=30.0 cost=0.962550
  [cycle_37] t=30.0 cost=0.961799
  [cycle_38] t=30.0 cost=0.961539
  [cycle_39] t=30.0 cost=0.961087
  [cycle_40] t=30.0 cost=0.960608
  [cycle_41] t=30.0 cost=0.960246
  [TOTAL] 3298.2s cycles=42 final=0.959425
proxy=0.9594  (wl=0.081 den=0.600 cong=1.157)  VALID  [3299.07s]
