================================================================================
evaluate · OptimalPlacer  (submissions/vmallela_v2/placer.py)
================================================================================

  ibm06... #[INFO] Reading from external/MacroPlacement/Testcases/ICCAD04/ibm06/netlist.pb.txt
[INFO] Retrieving Meta information from .plc comments
#[PLACEMENT GRID] Col: 31, Row: 28
#[ROUTES PER MICRON] Hor: 65.96, Ver: 106.96
#[CONGESTION SMOOTH RANGE] Smooth Range: 2
#[OVERLAP THRESHOLD] Threshold: 0.0040
#[INFO] Reading from external/MacroPlacement/Testcases/ICCAD04/ibm06/netlist.pb.txt
[INFO] Retrieving Meta information from .plc comments
#[PLACEMENT GRID] Col: 31, Row: 28
#[ROUTES PER MICRON] Hor: 65.96, Ver: 106.96
#[CONGESTION SMOOTH RANGE] Smooth Range: 2
#[OVERLAP THRESHOLD] Threshold: 0.0040
#[INFO] Reading from external/MacroPlacement/Testcases/ICCAD04/ibm06/netlist.pb.txt
[INFO] Retrieving Meta information from .plc comments
#[PLACEMENT GRID] Col: 31, Row: 28
#[ROUTES PER MICRON] Hor: 65.96, Ver: 106.96
#[CONGESTION SMOOTH RANGE] Smooth Range: 2
#[OVERLAP THRESHOLD] Threshold: 0.0040
  [legalize] 605.5s cost=1.662054
#[INFO] Reading from external/MacroPlacement/Testcases/ICCAD04/ibm06/netlist.pb.txt
[INFO] Retrieving Meta information from .plc comments
#[PLACEMENT GRID] Col: 31, Row: 28
#[ROUTES PER MICRON] Hor: 65.96, Ver: 106.96
#[CONGESTION SMOOTH RANGE] Smooth Range: 2
#[OVERLAP THRESHOLD] Threshold: 0.0040
  [cd1] cost=1.627425
  [hard_lns] cost=1.339159
  [cycle_1] t=150.4 cost=1.158527
  [cycle_2] t=60.0 cost=1.137435
  [cycle_3] t=60.0 cost=1.124969
  [cycle_4] t=60.0 cost=1.115021
  [cycle_5] t=60.0 cost=1.106734
  [cycle_6] t=60.0 cost=1.102797
  [cycle_7] t=60.0 cost=1.099277
  [cycle_8] t=60.0 cost=1.097923
  [cycle_9] t=60.0 cost=1.095861
  [cycle_10] t=60.0 cost=1.094076
  [cycle_11] t=60.0 cost=1.093165
  [cycle_12] t=60.0 cost=1.092446
  [cycle_13] t=60.0 cost=1.092315
  [cycle_14] t=60.0 cost=1.092203
  [cycle_15] t=60.0 cost=1.091839
  [cycle_16] t=60.0 cost=1.091690
  [cycle_17] t=60.0 cost=1.091626
  [cycle_18] t=60.0 cost=1.091449
  [cycle_19] t=60.0 cost=1.091426
  [cycle_20] t=42.0 cost=1.091423
  [cycle_21] t=29.4 cost=1.091423
  [cycle_22] t=20.6 cost=1.091423
  [escape] plateau at 1.091423, budget 240s (hard-cong 120s + soft 120s)
  [escape.soft] OK at 1.085052
  [cycle_23] t=30.0 cost=1.083884
  [cycle_24] t=30.0 cost=1.082986
  [cycle_25] t=30.0 cost=1.082676
  [cycle_26] t=30.0 cost=1.082665
  [cycle_27] t=21.0 cost=1.082665
  [cycle_28] t=14.7 cost=1.082665
  [cycle_29] t=10.3 cost=1.082664
  [escape] plateau at 1.082664, budget 240s (hard-cong 120s + soft 120s)
  [escape.hard-cong] OK at 1.082546
  [escape.soft] OK at 1.080755
  [cycle_30] t=30.0 cost=1.079638
  [cycle_31] t=30.0 cost=1.079609
  [cycle_32] t=21.0 cost=1.079599
  [cycle_33] t=14.7 cost=1.079590
  [cycle_34] t=10.3 cost=1.079584
  [escape] plateau at 1.079584, budget 67s (hard-cong 34s + soft 34s)
  [escape.soft] OK at 1.079469
  [cycle_35] t=30.0 cost=1.079278
  [cycle_36] t=30.0 cost=1.079051
  [TOTAL] 3297.5s cycles=37 final=1.078852
proxy=1.0789  (wl=0.079 den=0.536 cong=1.465)  VALID  [3298.21s]
