================================================================================
evaluate · OptimalPlacer  (submissions/vmallela_v2/placer.py)
================================================================================

  ibm04... #[INFO] Reading from external/MacroPlacement/Testcases/ICCAD04/ibm04/netlist.pb.txt
[INFO] Retrieving Meta information from .plc comments
#[PLACEMENT GRID] Col: 31, Row: 30
#[ROUTES PER MICRON] Hor: 65.96, Ver: 106.96
#[CONGESTION SMOOTH RANGE] Smooth Range: 2
#[OVERLAP THRESHOLD] Threshold: 0.0040
#[INFO] Reading from external/MacroPlacement/Testcases/ICCAD04/ibm04/netlist.pb.txt
[INFO] Retrieving Meta information from .plc comments
#[PLACEMENT GRID] Col: 31, Row: 30
#[ROUTES PER MICRON] Hor: 65.96, Ver: 106.96
#[CONGESTION SMOOTH RANGE] Smooth Range: 2
#[OVERLAP THRESHOLD] Threshold: 0.0040
#[INFO] Reading from external/MacroPlacement/Testcases/ICCAD04/ibm04/netlist.pb.txt
[INFO] Retrieving Meta information from .plc comments
#[PLACEMENT GRID] Col: 31, Row: 30
#[ROUTES PER MICRON] Hor: 65.96, Ver: 106.96
#[CONGESTION SMOOTH RANGE] Smooth Range: 2
#[OVERLAP THRESHOLD] Threshold: 0.0040
  [legalize] 600.5s cost=1.318365
#[INFO] Reading from external/MacroPlacement/Testcases/ICCAD04/ibm04/netlist.pb.txt
[INFO] Retrieving Meta information from .plc comments
#[PLACEMENT GRID] Col: 31, Row: 30
#[ROUTES PER MICRON] Hor: 65.96, Ver: 106.96
#[CONGESTION SMOOTH RANGE] Smooth Range: 2
#[OVERLAP THRESHOLD] Threshold: 0.0040
  [cd1] cost=1.239286
  [hard_lns] cost=1.042077
  [cycle_1] t=150.4 cost=0.955924
  [cycle_2] t=60.0 cost=0.950460
  [cycle_3] t=60.0 cost=0.944584
  [cycle_4] t=60.0 cost=0.940534
  [cycle_5] t=60.0 cost=0.937673
  [cycle_6] t=60.0 cost=0.936465
  [cycle_7] t=60.0 cost=0.935415
  [cycle_8] t=60.0 cost=0.934431
  [cycle_9] t=60.0 cost=0.934023
  [cycle_10] t=60.0 cost=0.933938
  [cycle_11] t=60.0 cost=0.933643
  [cycle_12] t=60.0 cost=0.933092
  [cycle_13] t=60.0 cost=0.932360
  [cycle_14] t=60.0 cost=0.931728
  [cycle_15] t=60.0 cost=0.931564
  [cycle_16] t=60.0 cost=0.931446
  [cycle_17] t=60.0 cost=0.931416
  [cycle_18] t=42.0 cost=0.931403
  [cycle_19] t=29.4 cost=0.931401
  [cycle_20] t=20.6 cost=0.931400
  [escape] plateau at 0.931400, budget 240s (hard-cong 120s + soft 120s)
  [escape.hard-cong] OK at 0.931024
  [escape.soft] OK at 0.929419
  [cycle_21] t=30.0 cost=0.928417
  [cycle_22] t=30.0 cost=0.928345
  [cycle_23] t=30.0 cost=0.928302
  [cycle_24] t=21.0 cost=0.928286
  [cycle_25] t=14.7 cost=0.928286
  [cycle_26] t=10.3 cost=0.928286
  [escape] plateau at 0.928286, budget 240s (hard-cong 120s + soft 120s)
  [escape.hard-cong] OK at 0.927876
  [escape.soft] OK at 0.927544
  [cycle_27] t=30.0 cost=0.927351
  [cycle_28] t=30.0 cost=0.927339
  [cycle_29] t=21.0 cost=0.927331
  [cycle_30] t=14.7 cost=0.927329
  [cycle_31] t=10.3 cost=0.927328
  [escape] plateau at 0.927328, budget 150s (hard-cong 75s + soft 75s)
  [escape.hard-cong] OK at 0.927267
  [cycle_32] t=30.0 cost=0.927248
  [cycle_33] t=21.0 cost=0.927247
  [cycle_34] t=14.7 cost=0.927247
  [cycle_35] t=10.3 cost=0.927247
  [escape] plateau at 0.927247, budget 34s (hard-cong 17s + soft 17s)
  [escape] no improvement, stop
  [TOTAL] 3256.8s cycles=35 final=0.927247
proxy=0.9272  (wl=0.079 den=0.533 cong=1.163)  VALID  [3257.53s]
