================================================================================
evaluate · OptimalPlacer  (submissions/vmallela_v2/placer.py)
================================================================================

  ibm13... #[INFO] Reading from external/MacroPlacement/Testcases/ICCAD04/ibm13/netlist.pb.txt
[INFO] Retrieving Meta information from .plc comments
#[PLACEMENT GRID] Col: 43, Row: 43
#[ROUTES PER MICRON] Hor: 65.96, Ver: 106.96
#[CONGESTION SMOOTH RANGE] Smooth Range: 2
#[OVERLAP THRESHOLD] Threshold: 0.0040
#[INFO] Reading from external/MacroPlacement/Testcases/ICCAD04/ibm13/netlist.pb.txt
[INFO] Retrieving Meta information from .plc comments
#[PLACEMENT GRID] Col: 43, Row: 43
#[ROUTES PER MICRON] Hor: 65.96, Ver: 106.96
#[CONGESTION SMOOTH RANGE] Smooth Range: 2
#[OVERLAP THRESHOLD] Threshold: 0.0040
#[INFO] Reading from external/MacroPlacement/Testcases/ICCAD04/ibm13/netlist.pb.txt
[INFO] Retrieving Meta information from .plc comments
#[PLACEMENT GRID] Col: 43, Row: 43
#[ROUTES PER MICRON] Hor: 65.96, Ver: 106.96
#[CONGESTION SMOOTH RANGE] Smooth Range: 2
#[OVERLAP THRESHOLD] Threshold: 0.0040
  [legalize] 606.3s cost=1.384379
#[INFO] Reading from external/MacroPlacement/Testcases/ICCAD04/ibm13/netlist.pb.txt
[INFO] Retrieving Meta information from .plc comments
#[PLACEMENT GRID] Col: 43, Row: 43
#[ROUTES PER MICRON] Hor: 65.96, Ver: 106.96
#[CONGESTION SMOOTH RANGE] Smooth Range: 2
#[OVERLAP THRESHOLD] Threshold: 0.0040
  [cd1] cost=1.348600
  [per_net] cost=1.070210
  [hard_lns] cost=1.035951
  [cycle_1] t=149.2 cost=0.929234
  [cycle_2] t=60.0 cost=0.918968
  [cycle_3] t=60.0 cost=0.911452
  [cycle_4] t=60.0 cost=0.907272
  [cycle_5] t=60.0 cost=0.904794
  [cycle_6] t=60.0 cost=0.903496
  [cycle_7] t=60.0 cost=0.902235
  [cycle_8] t=60.0 cost=0.901085
  [cycle_9] t=60.0 cost=0.900737
  [cycle_10] t=60.0 cost=0.900337
  [cycle_11] t=60.0 cost=0.899904
  [cycle_12] t=60.0 cost=0.899730
  [cycle_13] t=60.0 cost=0.899597
  [cycle_14] t=60.0 cost=0.899552
  [cycle_15] t=42.0 cost=0.899527
  [cycle_16] t=29.4 cost=0.899515
  [cycle_17] t=20.6 cost=0.899515
  [escape] plateau at 0.899515, budget 240s (hard-cong 120s + soft 120s)
  [escape.hard-cong] OK at 0.898731
  [escape.soft] OK at 0.896755
  [cycle_18] t=30.0 cost=0.895721
  [cycle_19] t=30.0 cost=0.895401
  [cycle_20] t=30.0 cost=0.895119
  [cycle_21] t=30.0 cost=0.895005
  [cycle_22] t=30.0 cost=0.894990
  [cycle_23] t=21.0 cost=0.894990
  [cycle_24] t=14.7 cost=0.894989
  [cycle_25] t=10.3 cost=0.894989
  [escape] plateau at 0.894989, budget 240s (hard-cong 120s + soft 120s)
  [escape.hard-cong] OK at 0.894460
  [escape.soft] OK at 0.894174
  [cycle_26] t=30.0 cost=0.893916
  [cycle_27] t=30.0 cost=0.893828
  [cycle_28] t=30.0 cost=0.893762
  [cycle_29] t=30.0 cost=0.893758
  [cycle_30] t=21.0 cost=0.893732
  [cycle_31] t=14.7 cost=0.893731
  [cycle_32] t=10.3 cost=0.893731
  [escape] plateau at 0.893731, budget 160s (hard-cong 80s + soft 80s)
  [escape.hard-cong] OK at 0.893653
  [escape.soft] OK at 0.893538
  [cycle_33] t=30.0 cost=0.893344
  [cycle_34] t=30.0 cost=0.893250
  [cycle_35] t=30.0 cost=0.893183
  [cycle_36] t=30.0 cost=0.893139
  [cycle_37] t=21.0 cost=0.893134
  [TOTAL] 3291.9s cycles=38 final=0.893132
proxy=0.8931  (wl=0.064 den=0.562 cong=1.097)  VALID  [3293.12s]
