================================================================================
evaluate · OptimalPlacer  (submissions/vmallela_v2/placer.py)
================================================================================

  ibm17... #[INFO] Reading from external/MacroPlacement/Testcases/ICCAD04/ibm17/netlist.pb.txt
[INFO] Retrieving Meta information from .plc comments
#[PLACEMENT GRID] Col: 51, Row: 44
#[ROUTES PER MICRON] Hor: 65.96, Ver: 106.96
#[CONGESTION SMOOTH RANGE] Smooth Range: 2
#[OVERLAP THRESHOLD] Threshold: 0.0040
#[INFO] Reading from external/MacroPlacement/Testcases/ICCAD04/ibm17/netlist.pb.txt
[INFO] Retrieving Meta information from .plc comments
#[PLACEMENT GRID] Col: 51, Row: 44
#[ROUTES PER MICRON] Hor: 65.96, Ver: 106.96
#[CONGESTION SMOOTH RANGE] Smooth Range: 2
#[OVERLAP THRESHOLD] Threshold: 0.0040
#[INFO] Reading from external/MacroPlacement/Testcases/ICCAD04/ibm17/netlist.pb.txt
[INFO] Retrieving Meta information from .plc comments
#[PLACEMENT GRID] Col: 51, Row: 44
#[ROUTES PER MICRON] Hor: 65.96, Ver: 106.96
#[CONGESTION SMOOTH RANGE] Smooth Range: 2
#[OVERLAP THRESHOLD] Threshold: 0.0040
  [legalize] 624.6s cost=1.740092
#[INFO] Reading from external/MacroPlacement/Testcases/ICCAD04/ibm17/netlist.pb.txt
[INFO] Retrieving Meta information from .plc comments
#[PLACEMENT GRID] Col: 51, Row: 44
#[ROUTES PER MICRON] Hor: 65.96, Ver: 106.96
#[CONGESTION SMOOTH RANGE] Smooth Range: 2
#[OVERLAP THRESHOLD] Threshold: 0.0040
  [cd1] cost=1.725515
  [per_net] cost=1.521530
  [hard_lns] cost=1.512686
  [cycle_1] t=146.1 cost=1.362040
  [cycle_2] t=60.0 cost=1.341500
  [cycle_3] t=60.0 cost=1.331928
  [cycle_4] t=60.0 cost=1.324974
  [cycle_5] t=60.0 cost=1.320857
  [cycle_6] t=60.0 cost=1.319165
  [cycle_7] t=60.0 cost=1.317972
  [cycle_8] t=60.0 cost=1.316834
  [cycle_9] t=60.0 cost=1.316220
  [cycle_10] t=60.0 cost=1.315554
  [cycle_11] t=60.0 cost=1.315060
  [cycle_12] t=60.0 cost=1.314898
  [cycle_13] t=60.0 cost=1.314617
  [cycle_14] t=60.0 cost=1.314277
  [cycle_15] t=60.0 cost=1.313519
  [cycle_16] t=60.0 cost=1.312911
  [cycle_17] t=60.0 cost=1.312208
  [cycle_18] t=60.0 cost=1.311849
  [cycle_19] t=60.0 cost=1.311601
  [cycle_20] t=60.0 cost=1.311499
  [cycle_21] t=60.0 cost=1.311430
  [cycle_22] t=60.0 cost=1.311190
  [cycle_23] t=60.0 cost=1.310906
  [cycle_24] t=60.0 cost=1.310633
  [cycle_25] t=60.0 cost=1.310566
  [cycle_26] t=60.0 cost=1.310522
  [cycle_27] t=42.0 cost=1.310519
  [cycle_28] t=29.4 cost=1.310518
  [cycle_29] t=20.6 cost=1.310517
  [escape] plateau at 1.310517, budget 168s (hard-cong 84s + soft 84s)
  [escape.hard-cong] OK at 1.310227
  [escape.soft] OK at 1.306797
  [cycle_30] t=30.0 cost=1.305773
  [cycle_31] t=30.0 cost=1.305565
  [cycle_32] t=30.0 cost=1.305494
  [cycle_33] t=30.0 cost=1.305375
  [TOTAL] 3291.0s cycles=34 final=1.305154
proxy=1.3052  (wl=0.066 den=0.609 cong=1.870)  VALID  [3293.48s]
