================================================================================
evaluate · OptimalPlacer  (submissions/vmallela_v2/placer.py)
================================================================================

  ibm10... #[INFO] Reading from external/MacroPlacement/Testcases/ICCAD04/ibm10/netlist.pb.txt
[INFO] Retrieving Meta information from .plc comments
#[PLACEMENT GRID] Col: 55, Row: 41
#[ROUTES PER MICRON] Hor: 65.96, Ver: 106.96
#[CONGESTION SMOOTH RANGE] Smooth Range: 2
#[OVERLAP THRESHOLD] Threshold: 0.0040
#[INFO] Reading from external/MacroPlacement/Testcases/ICCAD04/ibm10/netlist.pb.txt
[INFO] Retrieving Meta information from .plc comments
#[PLACEMENT GRID] Col: 55, Row: 41
#[ROUTES PER MICRON] Hor: 65.96, Ver: 106.96
#[CONGESTION SMOOTH RANGE] Smooth Range: 2
#[OVERLAP THRESHOLD] Threshold: 0.0040
#[INFO] Reading from external/MacroPlacement/Testcases/ICCAD04/ibm10/netlist.pb.txt
[INFO] Retrieving Meta information from .plc comments
#[PLACEMENT GRID] Col: 55, Row: 41
#[ROUTES PER MICRON] Hor: 65.96, Ver: 106.96
#[CONGESTION SMOOTH RANGE] Smooth Range: 2
#[OVERLAP THRESHOLD] Threshold: 0.0040
  [legalize] 601.3s cost=1.336742
#[INFO] Reading from external/MacroPlacement/Testcases/ICCAD04/ibm10/netlist.pb.txt
[INFO] Retrieving Meta information from .plc comments
#[PLACEMENT GRID] Col: 55, Row: 41
#[ROUTES PER MICRON] Hor: 65.96, Ver: 106.96
#[CONGESTION SMOOTH RANGE] Smooth Range: 2
#[OVERLAP THRESHOLD] Threshold: 0.0040
  [cd1] cost=1.232762
  [per_net] cost=1.107181
  [hard_lns] cost=1.077490
  [cycle_1] t=147.4 cost=1.003920
  [cycle_2] t=60.0 cost=0.997579
  [cycle_3] t=60.0 cost=0.993612
  [cycle_4] t=60.0 cost=0.991629
  [cycle_5] t=60.0 cost=0.990411
  [cycle_6] t=60.0 cost=0.989073
  [cycle_7] t=60.0 cost=0.988482
  [cycle_8] t=60.0 cost=0.988203
  [cycle_9] t=60.0 cost=0.987954
  [cycle_10] t=60.0 cost=0.987844
  [cycle_11] t=60.0 cost=0.987680
  [cycle_12] t=60.0 cost=0.987529
  [cycle_13] t=60.0 cost=0.987494
  [cycle_14] t=42.0 cost=0.987491
  [cycle_15] t=29.4 cost=0.987491
  [cycle_16] t=20.6 cost=0.987491
  [escape] plateau at 0.987491, budget 240s (hard-cong 120s + soft 120s)
  [escape.hard-cong] OK at 0.984534
  [escape.soft] OK at 0.980143
  [cycle_17] t=30.0 cost=0.978459
  [cycle_18] t=30.0 cost=0.977804
  [cycle_19] t=30.0 cost=0.977243
  [cycle_20] t=30.0 cost=0.977118
  [cycle_21] t=30.0 cost=0.976834
  [cycle_22] t=30.0 cost=0.976775
  [cycle_23] t=30.0 cost=0.976613
  [cycle_24] t=30.0 cost=0.976460
  [cycle_25] t=30.0 cost=0.976401
  [cycle_26] t=30.0 cost=0.976367
  [cycle_27] t=21.0 cost=0.976367
  [cycle_28] t=14.7 cost=0.976367
  [cycle_29] t=10.3 cost=0.976367
  [escape] plateau at 0.976367, budget 240s (hard-cong 120s + soft 120s)
  [escape.hard-cong] OK at 0.975089
  [escape.soft] OK at 0.974218
  [cycle_30] t=30.0 cost=0.973804
  [cycle_31] t=30.0 cost=0.973644
  [cycle_32] t=30.0 cost=0.973585
  [cycle_33] t=30.0 cost=0.973553
  [cycle_34] t=21.0 cost=0.973549
  [cycle_35] t=14.7 cost=0.973478
  [cycle_36] t=14.7 cost=0.973475
  [cycle_37] t=10.3 cost=0.973471
  [cycle_38] t=8.0 cost=0.973468
  [cycle_39] t=8.0 cost=0.973465
  [escape] plateau at 0.973465, budget 61s (hard-cong 31s + soft 31s)
  [escape.hard-cong] OK at 0.972153
  [cycle_40] t=30.0 cost=0.971942
  [TOTAL] 3291.0s cycles=41 final=0.971810
proxy=0.9718  (wl=0.065 den=0.523 cong=1.291)  VALID  [3293.20s]
