================================================================================
evaluate · OptimalPlacer  (submissions/vmallela_v2/placer.py)
================================================================================

  ibm12... #[INFO] Reading from external/MacroPlacement/Testcases/ICCAD04/ibm12/netlist.pb.txt
[INFO] Retrieving Meta information from .plc comments
#[PLACEMENT GRID] Col: 47, Row: 47
#[ROUTES PER MICRON] Hor: 65.96, Ver: 106.96
#[CONGESTION SMOOTH RANGE] Smooth Range: 2
#[OVERLAP THRESHOLD] Threshold: 0.0040
#[INFO] Reading from external/MacroPlacement/Testcases/ICCAD04/ibm12/netlist.pb.txt
[INFO] Retrieving Meta information from .plc comments
#[PLACEMENT GRID] Col: 47, Row: 47
#[ROUTES PER MICRON] Hor: 65.96, Ver: 106.96
#[CONGESTION SMOOTH RANGE] Smooth Range: 2
#[OVERLAP THRESHOLD] Threshold: 0.0040
#[INFO] Reading from external/MacroPlacement/Testcases/ICCAD04/ibm12/netlist.pb.txt
[INFO] Retrieving Meta information from .plc comments
#[PLACEMENT GRID] Col: 47, Row: 47
#[ROUTES PER MICRON] Hor: 65.96, Ver: 106.96
#[CONGESTION SMOOTH RANGE] Smooth Range: 2
#[OVERLAP THRESHOLD] Threshold: 0.0040
  [legalize] 608.4s cost=1.624914
#[INFO] Reading from external/MacroPlacement/Testcases/ICCAD04/ibm12/netlist.pb.txt
[INFO] Retrieving Meta information from .plc comments
#[PLACEMENT GRID] Col: 47, Row: 47
#[ROUTES PER MICRON] Hor: 65.96, Ver: 106.96
#[CONGESTION SMOOTH RANGE] Smooth Range: 2
#[OVERLAP THRESHOLD] Threshold: 0.0040
  [cd1] cost=1.587726
  [per_net] cost=1.356178
  [hard_lns] cost=1.334928
  [cycle_1] t=147.1 cost=1.221766
  [cycle_2] t=60.0 cost=1.209924
  [cycle_3] t=60.0 cost=1.203218
  [cycle_4] t=60.0 cost=1.200689
  [cycle_5] t=60.0 cost=1.199216
  [cycle_6] t=60.0 cost=1.198241
  [cycle_7] t=60.0 cost=1.197901
  [cycle_8] t=60.0 cost=1.197656
  [cycle_9] t=60.0 cost=1.197542
  [cycle_10] t=60.0 cost=1.197488
  [cycle_11] t=60.0 cost=1.197483
  [cycle_12] t=42.0 cost=1.197481
  [cycle_13] t=29.4 cost=1.197474
  [cycle_14] t=20.6 cost=1.197474
  [escape] plateau at 1.197474, budget 240s (hard-cong 120s + soft 120s)
  [escape.hard-cong] OK at 1.195839
  [escape.soft] OK at 1.184805
  [cycle_15] t=30.0 cost=1.182411
  [cycle_16] t=30.0 cost=1.181452
  [cycle_17] t=30.0 cost=1.180798
  [cycle_18] t=30.0 cost=1.180505
  [cycle_19] t=30.0 cost=1.180279
  [cycle_20] t=30.0 cost=1.180146
  [cycle_21] t=30.0 cost=1.180098
  [cycle_22] t=21.0 cost=1.180093
  [cycle_23] t=14.7 cost=1.180092
  [cycle_24] t=10.3 cost=1.180086
  [escape] plateau at 1.180086, budget 240s (hard-cong 120s + soft 120s)
  [escape.hard-cong] OK at 1.178892
  [escape.soft] OK at 1.177423
  [cycle_25] t=30.0 cost=1.176886
  [cycle_26] t=30.0 cost=1.176591
  [cycle_27] t=30.0 cost=1.176214
  [cycle_28] t=30.0 cost=1.176089
  [cycle_29] t=30.0 cost=1.175880
  [cycle_30] t=30.0 cost=1.175835
  [cycle_31] t=21.0 cost=1.175800
  [cycle_32] t=14.7 cost=1.175791
  [cycle_33] t=10.3 cost=1.175784
  [escape] plateau at 1.175784, budget 157s (hard-cong 79s + soft 79s)
  [escape.hard-cong] OK at 1.175549
  [escape.soft] OK at 1.175384
  [cycle_34] t=30.0 cost=1.175303
  [cycle_35] t=30.0 cost=1.175206
  [cycle_36] t=30.0 cost=1.175130
  [cycle_37] t=30.0 cost=1.175064
  [TOTAL] 3294.6s cycles=38 final=1.174875
proxy=1.1749  (wl=0.076 den=0.568 cong=1.630)  VALID  [3296.37s]
