================================================================================
evaluate · OptimalPlacer  (submissions/vmallela_v2/placer.py)
================================================================================

  ibm11... #[INFO] Reading from external/MacroPlacement/Testcases/ICCAD04/ibm11/netlist.pb.txt
[INFO] Retrieving Meta information from .plc comments
#[PLACEMENT GRID] Col: 39, Row: 45
#[ROUTES PER MICRON] Hor: 65.96, Ver: 106.96
#[CONGESTION SMOOTH RANGE] Smooth Range: 2
#[OVERLAP THRESHOLD] Threshold: 0.0040
#[INFO] Reading from external/MacroPlacement/Testcases/ICCAD04/ibm11/netlist.pb.txt
[INFO] Retrieving Meta information from .plc comments
#[PLACEMENT GRID] Col: 39, Row: 45
#[ROUTES PER MICRON] Hor: 65.96, Ver: 106.96
#[CONGESTION SMOOTH RANGE] Smooth Range: 2
#[OVERLAP THRESHOLD] Threshold: 0.0040
#[INFO] Reading from external/MacroPlacement/Testcases/ICCAD04/ibm11/netlist.pb.txt
[INFO] Retrieving Meta information from .plc comments
#[PLACEMENT GRID] Col: 39, Row: 45
#[ROUTES PER MICRON] Hor: 65.96, Ver: 106.96
#[CONGESTION SMOOTH RANGE] Smooth Range: 2
#[OVERLAP THRESHOLD] Threshold: 0.0040
  [legalize] 604.7s cost=1.212328
#[INFO] Reading from external/MacroPlacement/Testcases/ICCAD04/ibm11/netlist.pb.txt
[INFO] Retrieving Meta information from .plc comments
#[PLACEMENT GRID] Col: 39, Row: 45
#[ROUTES PER MICRON] Hor: 65.96, Ver: 106.96
#[CONGESTION SMOOTH RANGE] Smooth Range: 2
#[OVERLAP THRESHOLD] Threshold: 0.0040
  [cd1] cost=1.186191
  [hard_lns] cost=0.962759
  [cycle_1] t=149.3 cost=0.859878
  [cycle_2] t=60.0 cost=0.849426
  [cycle_3] t=60.0 cost=0.844398
  [cycle_4] t=60.0 cost=0.837948
  [cycle_5] t=60.0 cost=0.834066
  [cycle_6] t=60.0 cost=0.832429
  [cycle_7] t=60.0 cost=0.831126
  [cycle_8] t=60.0 cost=0.830460
  [cycle_9] t=60.0 cost=0.829704
  [cycle_10] t=60.0 cost=0.828846
  [cycle_11] t=60.0 cost=0.827410
  [cycle_12] t=60.0 cost=0.826638
  [cycle_13] t=60.0 cost=0.825863
  [cycle_14] t=60.0 cost=0.825209
  [cycle_15] t=60.0 cost=0.824520
  [cycle_16] t=60.0 cost=0.824303
  [cycle_17] t=60.0 cost=0.823992
  [cycle_18] t=60.0 cost=0.823562
  [cycle_19] t=60.0 cost=0.823145
  [cycle_20] t=60.0 cost=0.822909
  [cycle_21] t=60.0 cost=0.822805
  [cycle_22] t=60.0 cost=0.822484
  [cycle_23] t=60.0 cost=0.822320
  [cycle_24] t=60.0 cost=0.822235
  [cycle_25] t=60.0 cost=0.822059
  [cycle_26] t=60.0 cost=0.821922
  [cycle_27] t=60.0 cost=0.821762
  [cycle_28] t=60.0 cost=0.821733
  [cycle_29] t=42.0 cost=0.821717
  [cycle_30] t=29.4 cost=0.821686
  [cycle_31] t=20.6 cost=0.821686
  [escape] plateau at 0.821686, budget 165s (hard-cong 82s + soft 82s)
  [escape.hard-cong] OK at 0.821092
  [escape.soft] OK at 0.819853
  [cycle_32] t=30.0 cost=0.818976
  [cycle_33] t=30.0 cost=0.818681
  [cycle_34] t=30.0 cost=0.818562
  [cycle_35] t=30.0 cost=0.818531
  [cycle_36] t=21.0 cost=0.818520
  [cycle_37] t=14.7 cost=0.818519
  [TOTAL] 3291.1s cycles=37 final=0.818519
proxy=0.8185  (wl=0.065 den=0.517 cong=0.990)  VALID  [3292.24s]
